<html>
<body>
<pre>
<h1>µVision Build Log</h1>
<h2>Tool Versions:</h2>
IDE-Version: ¦ÌVision V5.33.0.0
Copyright (C) 2020 ARM Ltd and ARM Germany GmbH. All rights reserved.
License Information: c p, c, LIC=EXJT4-FVERL-56PQ2-9UUJ0-RH7E0-8M8NI
 
Tool Versions:
Toolchain:       MDK-ARM Plus  Version: 5.33.0.0
Toolchain Path:  D:\Software\IDE\Keil5\ARM\ARMCC\Bin
C Compiler:      Armcc.exe V5.06 update 7 (build 960)
Assembler:       Armasm.exe V5.06 update 7 (build 960)
Linker/Locator:  ArmLink.exe V5.06 update 7 (build 960)
Library Manager: ArmAr.exe V5.06 update 7 (build 960)
Hex Converter:   FromElf.exe V5.06 update 7 (build 960)
CPU DLL:         SARMCM3.DLL V5.33.0.0
Dialog DLL:      DCM.DLL V1.17.3.0
Target DLL:      CMSIS_AGDI.dll V1.32.12.0
Dialog DLL:      TCM.DLL V1.48.0.0
 
<h2>Project:</h2>
C:\Users\39810\Desktop\STM32H743II_PCB\2.Firmware\STM32H743_FreeRTOS\MDK-ARM\STM32H743_FreeRTOS.uvprojx
Project File Date:  07/05/2022

<h2>Output:</h2>
*** Using Compiler 'V5.06 update 7 (build 960)', folder: 'D:\Software\IDE\Keil5\ARM\ARMCC\Bin'
Build target 'STM32H743_FreeRTOS'
assembling startup_stm32h743xx.s...
compiling usb_otg.c...
compiling mdma.c...
compiling tim.c...
compiling gpio.c...
compiling dma.c...
compiling spi.c...
compiling usart.c...
compiling quadspi.c...
compiling fmc.c...
compiling fonts.c...
..\User\Driver\LCD\fonts.c(15): warning:  #68-D: integer conversion resulted in a change of sign
..\User\Driver\LCD\fonts.c(118): warning:  #68-D: integer conversion resulted in a change of sign
..\User\Driver\LCD\fonts.c(221): warning:  #68-D: integer conversion resulted in a change of sign
..\User\Driver\LCD\fonts.c(324): warning:  #68-D: integer conversion resulted in a change of sign
..\User\Driver\LCD\fonts.c(427): warning:  #68-D: integer conversion resulted in a change of sign
..\User\Driver\LCD\fonts.c(530): warning:  #68-D: integer conversion resulted in a change of sign
..\User\Driver\LCD\fonts.c(633): warning:  #68-D: integer conversion resulted in a change of sign
..\User\Driver\LCD\fonts.c(736): warning:  #68-D: integer conversion resulted in a change of sign
..\User\Driver\LCD\fonts.c(839): warning:  #68-D: integer conversion resulted in a change of sign
..\User\Driver\LCD\fonts.c(942): warning:  #68-D: integer conversion resulted in a change of sign
..\User\Driver\LCD\fonts.c(1045): warning:  #68-D: integer conversion resulted in a change of sign
..\User\Driver\LCD\fonts.c(1148): warning:  #68-D: integer conversion resulted in a change of sign
..\User\Driver\LCD\fonts.c(1251): warning:  #68-D: integer conversion resulted in a change of sign
..\User\Driver\LCD\fonts.c(1354): warning:  #68-D: integer conversion resulted in a change of sign
..\User\Driver\LCD\fonts.c(1457): warning:  #68-D: integer conversion resulted in a change of sign
..\User\Driver\LCD\fonts.c(1560): warning:  #68-D: integer conversion resulted in a change of sign
..\User\Driver\LCD\fonts.c(1663): warning:  #68-D: integer conversion resulted in a change of sign
..\User\Driver\LCD\fonts.c(1766): warning:  #68-D: integer conversion resulted in a change of sign
..\User\Driver\LCD\fonts.c(1869): warning:  #68-D: integer conversion resulted in a change of sign
..\User\Driver\LCD\fonts.c(1972): warning:  #68-D: integer conversion resulted in a change of sign
..\User\Driver\LCD\fonts.c: 20 warnings, 0 errors
compiling main.c...
compiling freertos.c...
compiling stm32h7xx_hal_msp.c...
compiling Fifo.c...
compiling CRC.c...
compiling stm32h7xx_it.c...
compiling stm32h7xx_hal_timebase_tim.c...
compiling gfx.c...
..\User\Driver\LCD\gfx.c(170): warning:  #1035-D: single-precision operand implicitly converted to double-precision
          angle = PI4  - ( PI4 * (1.0 * (x - abs_y) / (1.0 * (abs_y + x))) );
..\User\Driver\LCD\gfx.c(170): warning:  #1035-D: single-precision operand implicitly converted to double-precision
          angle = PI4  - ( PI4 * (1.0 * (x - abs_y) / (1.0 * (abs_y + x))) );
..\User\Driver\LCD\gfx.c(174): warning:  #1035-D: single-precision operand implicitly converted to double-precision
          angle = PI34 - ( PI4 * (1.0 * (x + abs_y) / (1.0 * (abs_y - x))) );
..\User\Driver\LCD\gfx.c(174): warning:  #1035-D: single-precision operand implicitly converted to double-precision
          angle = PI34 - ( PI4 * (1.0 * (x + abs_y) / (1.0 * (abs_y - x))) );
..\User\Driver\LCD\gfx.c(177): warning:  #1035-D: single-precision operand implicitly converted to double-precision
      angle = 180.0 * angle / PI;
..\User\Driver\LCD\gfx.c(194): warning:  #1035-D: single-precision operand implicitly converted to double-precision
      if (angle < 0.0)
..\User\Driver\LCD\gfx.c(195): warning:  #1035-D: single-precision operand implicitly converted to double-precision
          angle += 360.0;
..\User\Driver\LCD\gfx.c: 7 warnings, 0 errors
compiling st7735s.c...
compiling Uart_Task.c...
compiling bsp_st7735s.c...
compiling KEY_Task.c...
compiling Dev_Uart.c...
compiling LCD_Task.c...
compiling stm32h7xx_hal_cortex.c...
compiling stm32h7xx_hal_hsem.c...
compiling stm32h7xx_hal_mdma.c...
compiling stm32h7xx_hal_pwr.c...
compiling stm32h7xx_hal_gpio.c...
compiling stm32h7xx_hal_flash_ex.c...
compiling stm32h7xx_hal_flash.c...
compiling stm32h7xx_hal_dma_ex.c...
compiling stm32h7xx_hal_rcc.c...
compiling stm32h7xx_hal_rcc_ex.c...
compiling stm32h7xx_hal_dma.c...
compiling stm32h7xx_hal_pwr_ex.c...
compiling stm32h7xx_hal_exti.c...
compiling stm32h7xx_hal.c...
compiling stm32h7xx_hal_i2c_ex.c...
compiling stm32h7xx_hal_i2c.c...
compiling stm32h7xx_hal_qspi.c...
compiling stm32h7xx_hal_spi_ex.c...
compiling stm32h7xx_ll_fmc.c...
compiling stm32h7xx_hal_nand.c...
compiling croutine.c...
compiling stm32h7xx_hal_spi.c...
compiling event_groups.c...
compiling list.c...
compiling queue.c...
compiling stream_buffer.c...
compiling tasks.c...
compiling timers.c...
compiling cmsis_os.c...
compiling heap_4.c...
compiling port.c...
compiling stm32h7xx_hal_tim_ex.c...
compiling stm32h7xx_hal_tim.c...
compiling system_stm32h7xx.c...
compiling stm32h7xx_hal_pcd_ex.c...
compiling stm32h7xx_hal_uart.c...
compiling stm32h7xx_hal_uart_ex.c...
compiling stm32h7xx_hal_pcd.c...
compiling stm32h7xx_ll_usb.c...
linking...
Program Size: Code=57084 RO-data=972 RW-data=91404 ZI-data=26344  
FromELF: creating hex file...
After Build - User command #1: fromelf --bin -o "STM32H743_FreeRTOS\STM32H743_FreeRTOS.bin" "STM32H743_FreeRTOS\STM32H743_FreeRTOS.axf"
"STM32H743_FreeRTOS\STM32H743_FreeRTOS.axf" - 0 Error(s), 27 Warning(s).

<h2>Software Packages used:</h2>

Package Vendor: ARM
                http://www.keil.com/pack/ARM.CMSIS.5.7.0.pack
                ARM.CMSIS.5.7.0
                CMSIS (Cortex Microcontroller Software Interface Standard)
   * Component: CORE Version: 5.4.0

Package Vendor: Keil
                http://www.keil.com/pack/Keil.STM32H7xx_DFP.2.8.0.pack
                Keil.STM32H7xx_DFP.2.8.0
                STMicroelectronics STM32H7 Series Device Support and Examples

<h2>Collection of Component include folders:</h2>
  .\RTE\_STM32H743_FreeRTOS
  D:\Software\IDE\Keil5\Pack\ARM\CMSIS\5.7.0\CMSIS\Core\Include
  D:\Software\IDE\Keil5\Pack\Keil\STM32H7xx_DFP\2.8.0\Drivers\CMSIS\Device\ST\STM32H7xx\Include

<h2>Collection of Component Files used:</h2>

   * Component: ARM::CMSIS:CORE:5.4.0
      Include file:  CMSIS\Core\Include\tz_context.h
Build Time Elapsed:  00:01:02
</pre>
</body>
</html>
