Component: ARM Compiler 5.06 update 7 (build 960) Tool: armlink [4d3601]

==============================================================================

Section Cross References

    startup_stm32h743xx.o(RESET) refers to startup_stm32h743xx.o(STACK) for __initial_sp
    startup_stm32h743xx.o(RESET) refers to startup_stm32h743xx.o(.text) for Reset_Handler
    startup_stm32h743xx.o(RESET) refers to stm32h7xx_it.o(i.NMI_Handler) for NMI_Handler
    startup_stm32h743xx.o(RESET) refers to stm32h7xx_it.o(i.HardFault_Handler) for HardFault_Handler
    startup_stm32h743xx.o(RESET) refers to stm32h7xx_it.o(i.MemManage_Handler) for MemManage_Handler
    startup_stm32h743xx.o(RESET) refers to stm32h7xx_it.o(i.BusFault_Handler) for BusFault_Handler
    startup_stm32h743xx.o(RESET) refers to stm32h7xx_it.o(i.UsageFault_Handler) for UsageFault_Handler
    startup_stm32h743xx.o(RESET) refers to port.o(.emb_text) for SVC_Handler
    startup_stm32h743xx.o(RESET) refers to stm32h7xx_it.o(i.DebugMon_Handler) for DebugMon_Handler
    startup_stm32h743xx.o(RESET) refers to port.o(i.SysTick_Handler) for SysTick_Handler
    startup_stm32h743xx.o(RESET) refers to stm32h7xx_it.o(i.DMA1_Stream0_IRQHandler) for DMA1_Stream0_IRQHandler
    startup_stm32h743xx.o(RESET) refers to stm32h7xx_it.o(i.DMA1_Stream1_IRQHandler) for DMA1_Stream1_IRQHandler
    startup_stm32h743xx.o(RESET) refers to stm32h7xx_it.o(i.DMA1_Stream2_IRQHandler) for DMA1_Stream2_IRQHandler
    startup_stm32h743xx.o(RESET) refers to stm32h7xx_it.o(i.SPI1_IRQHandler) for SPI1_IRQHandler
    startup_stm32h743xx.o(RESET) refers to stm32h7xx_it.o(i.USART1_IRQHandler) for USART1_IRQHandler
    startup_stm32h743xx.o(RESET) refers to stm32h7xx_it.o(i.TIM8_UP_TIM13_IRQHandler) for TIM8_UP_TIM13_IRQHandler
    startup_stm32h743xx.o(RESET) refers to stm32h7xx_it.o(i.TIM8_TRG_COM_TIM14_IRQHandler) for TIM8_TRG_COM_TIM14_IRQHandler
    startup_stm32h743xx.o(RESET) refers to stm32h7xx_it.o(i.QUADSPI_IRQHandler) for QUADSPI_IRQHandler
    startup_stm32h743xx.o(RESET) refers to stm32h7xx_it.o(i.OTG_FS_IRQHandler) for OTG_FS_IRQHandler
    startup_stm32h743xx.o(RESET) refers to stm32h7xx_it.o(i.TIM17_IRQHandler) for TIM17_IRQHandler
    startup_stm32h743xx.o(RESET) refers to stm32h7xx_it.o(i.MDMA_IRQHandler) for MDMA_IRQHandler
    startup_stm32h743xx.o(.text) refers to system_stm32h7xx.o(i.SystemInit) for SystemInit
    startup_stm32h743xx.o(.text) refers to entry.o(.ARM.Collect$$$$00000000) for __main
    main.o(i.HAL_TIM_PeriodElapsedCallback) refers to stm32h7xx_hal.o(i.HAL_IncTick) for HAL_IncTick
    main.o(i.HAL_TIM_PeriodElapsedCallback) refers to stm32h7xx_hal_tim.o(i.HAL_TIM_Base_Stop) for HAL_TIM_Base_Stop
    main.o(i.HAL_TIM_PeriodElapsedCallback) refers to cmsis_os.o(i.osSemaphoreRelease) for osSemaphoreRelease
    main.o(i.HAL_TIM_PeriodElapsedCallback) refers to freertos.o(.data) for ulHighFrequencyTimerTicks
    main.o(i.HAL_TIM_PeriodElapsedCallback) refers to tim.o(.bss) for htim13
    main.o(i.SystemClock_Config) refers to memseta.o(.text) for __aeabi_memclr4
    main.o(i.SystemClock_Config) refers to stm32h7xx_hal_pwr_ex.o(i.HAL_PWREx_ConfigSupply) for HAL_PWREx_ConfigSupply
    main.o(i.SystemClock_Config) refers to stm32h7xx_hal_rcc.o(i.HAL_RCC_OscConfig) for HAL_RCC_OscConfig
    main.o(i.SystemClock_Config) refers to main.o(i.Error_Handler) for Error_Handler
    main.o(i.SystemClock_Config) refers to stm32h7xx_hal_rcc.o(i.HAL_RCC_ClockConfig) for HAL_RCC_ClockConfig
    main.o(i.main) refers to stm32h7xx_hal.o(i.HAL_Init) for HAL_Init
    main.o(i.main) refers to main.o(i.SystemClock_Config) for SystemClock_Config
    main.o(i.main) refers to gpio.o(i.MX_GPIO_Init) for MX_GPIO_Init
    main.o(i.main) refers to dma.o(i.MX_DMA_Init) for MX_DMA_Init
    main.o(i.main) refers to usart.o(i.MX_USART1_UART_Init) for MX_USART1_UART_Init
    main.o(i.main) refers to quadspi.o(i.MX_QUADSPI_Init) for MX_QUADSPI_Init
    main.o(i.main) refers to mdma.o(i.MX_MDMA_Init) for MX_MDMA_Init
    main.o(i.main) refers to spi.o(i.MX_SPI1_Init) for MX_SPI1_Init
    main.o(i.main) refers to usb_otg.o(i.MX_USB_OTG_FS_PCD_Init) for MX_USB_OTG_FS_PCD_Init
    main.o(i.main) refers to fmc.o(i.MX_FMC_Init) for MX_FMC_Init
    main.o(i.main) refers to tim.o(i.MX_TIM14_Init) for MX_TIM14_Init
    main.o(i.main) refers to tim.o(i.MX_TIM1_Init) for MX_TIM1_Init
    main.o(i.main) refers to tim.o(i.MX_TIM13_Init) for MX_TIM13_Init
    main.o(i.main) refers to stm32h7xx_hal_tim.o(i.HAL_TIM_Base_Start_IT) for HAL_TIM_Base_Start_IT
    main.o(i.main) refers to st7735s.o(i.ST7735S_Init) for ST7735S_Init
    main.o(i.main) refers to freertos.o(i.MX_FREERTOS_Init) for MX_FREERTOS_Init
    main.o(i.main) refers to cmsis_os.o(i.osKernelStart) for osKernelStart
    main.o(i.main) refers to main.o(.ARM.__AT_0x20000000) for g_JumpInit
    main.o(i.main) refers to tim.o(.bss) for htim14
    gpio.o(i.MX_GPIO_Init) refers to memseta.o(.text) for __aeabi_memclr4
[...]
    HAL_NAND_MspInit                         0x0810301d   Thumb Code    10  fmc.o(i.HAL_NAND_MspInit)
    HAL_NVIC_EnableIRQ                       0x08103027   Thumb Code    40  stm32h7xx_hal_cortex.o(i.HAL_NVIC_EnableIRQ)
    HAL_NVIC_SetPriority                     0x0810304f   Thumb Code   122  stm32h7xx_hal_cortex.o(i.HAL_NVIC_SetPriority)
    HAL_NVIC_SetPriorityGrouping             0x081030c9   Thumb Code    32  stm32h7xx_hal_cortex.o(i.HAL_NVIC_SetPriorityGrouping)
    HAL_PCDEx_ActivateLPM                    0x081030f1   Thumb Code    36  stm32h7xx_hal_pcd_ex.o(i.HAL_PCDEx_ActivateLPM)
    HAL_PCDEx_LPM_Callback                   0x08103119   Thumb Code     2  stm32h7xx_hal_pcd_ex.o(i.HAL_PCDEx_LPM_Callback)
    HAL_PCD_ConnectCallback                  0x0810311b   Thumb Code     2  stm32h7xx_hal_pcd.o(i.HAL_PCD_ConnectCallback)
    HAL_PCD_DataInStageCallback              0x0810311d   Thumb Code     2  stm32h7xx_hal_pcd.o(i.HAL_PCD_DataInStageCallback)
    HAL_PCD_DataOutStageCallback             0x0810311f   Thumb Code     2  stm32h7xx_hal_pcd.o(i.HAL_PCD_DataOutStageCallback)
    HAL_PCD_DisconnectCallback               0x08103121   Thumb Code     2  stm32h7xx_hal_pcd.o(i.HAL_PCD_DisconnectCallback)
    HAL_PCD_EP_Abort                         0x08103123   Thumb Code    66  stm32h7xx_hal_pcd.o(i.HAL_PCD_EP_Abort)
    HAL_PCD_IRQHandler                       0x08103165   Thumb Code  1806  stm32h7xx_hal_pcd.o(i.HAL_PCD_IRQHandler)
    HAL_PCD_ISOINIncompleteCallback          0x08103873   Thumb Code     2  stm32h7xx_hal_pcd.o(i.HAL_PCD_ISOINIncompleteCallback)
    HAL_PCD_ISOOUTIncompleteCallback         0x08103875   Thumb Code     2  stm32h7xx_hal_pcd.o(i.HAL_PCD_ISOOUTIncompleteCallback)
    HAL_PCD_Init                             0x08103877   Thumb Code   370  stm32h7xx_hal_pcd.o(i.HAL_PCD_Init)
    HAL_PCD_MspInit                          0x081039e9   Thumb Code   192  usb_otg.o(i.HAL_PCD_MspInit)
    HAL_PCD_ResetCallback                    0x08103ab5   Thumb Code     2  stm32h7xx_hal_pcd.o(i.HAL_PCD_ResetCallback)
    HAL_PCD_ResumeCallback                   0x08103ab7   Thumb Code     2  stm32h7xx_hal_pcd.o(i.HAL_PCD_ResumeCallback)
    HAL_PCD_SOFCallback                      0x08103ab9   Thumb Code     2  stm32h7xx_hal_pcd.o(i.HAL_PCD_SOFCallback)
    HAL_PCD_SetupStageCallback               0x08103abb   Thumb Code     2  stm32h7xx_hal_pcd.o(i.HAL_PCD_SetupStageCallback)
    HAL_PCD_SuspendCallback                  0x08103abd   Thumb Code     2  stm32h7xx_hal_pcd.o(i.HAL_PCD_SuspendCallback)
    HAL_PWREx_ConfigSupply                   0x08103ac1   Thumb Code    90  stm32h7xx_hal_pwr_ex.o(i.HAL_PWREx_ConfigSupply)
    HAL_PWREx_EnableUSBVoltageDetector       0x08103b21   Thumb Code    14  stm32h7xx_hal_pwr_ex.o(i.HAL_PWREx_EnableUSBVoltageDetector)
    HAL_QSPI_AbortCpltCallback               0x08103b35   Thumb Code     2  stm32h7xx_hal_qspi.o(i.HAL_QSPI_AbortCpltCallback)
    HAL_QSPI_CmdCpltCallback                 0x08103b37   Thumb Code     2  stm32h7xx_hal_qspi.o(i.HAL_QSPI_CmdCpltCallback)
    HAL_QSPI_ErrorCallback                   0x08103b39   Thumb Code     2  stm32h7xx_hal_qspi.o(i.HAL_QSPI_ErrorCallback)
    HAL_QSPI_FifoThresholdCallback           0x08103b3b   Thumb Code     2  stm32h7xx_hal_qspi.o(i.HAL_QSPI_FifoThresholdCallback)
    HAL_QSPI_IRQHandler                      0x08103b3d   Thumb Code   638  stm32h7xx_hal_qspi.o(i.HAL_QSPI_IRQHandler)
    HAL_QSPI_Init                            0x08103dc1   Thumb Code   168  stm32h7xx_hal_qspi.o(i.HAL_QSPI_Init)
    HAL_QSPI_MspInit                         0x08103e71   Thumb Code   442  quadspi.o(i.HAL_QSPI_MspInit)
    HAL_QSPI_RxCpltCallback                  0x0810404d   Thumb Code     2  stm32h7xx_hal_qspi.o(i.HAL_QSPI_RxCpltCallback)
    HAL_QSPI_SetTimeout                      0x0810404f   Thumb Code     4  stm32h7xx_hal_qspi.o(i.HAL_QSPI_SetTimeout)
    HAL_QSPI_StatusMatchCallback             0x08104053   Thumb Code     2  stm32h7xx_hal_qspi.o(i.HAL_QSPI_StatusMatchCallback)
    HAL_QSPI_TimeOutCallback                 0x08104055   Thumb Code     2  stm32h7xx_hal_qspi.o(i.HAL_QSPI_TimeOutCallback)
    HAL_QSPI_TxCpltCallback                  0x08104057   Thumb Code     2  stm32h7xx_hal_qspi.o(i.HAL_QSPI_TxCpltCallback)
    HAL_RCCEx_GetD3PCLK1Freq                 0x08104059   Thumb Code    26  stm32h7xx_hal_rcc_ex.o(i.HAL_RCCEx_GetD3PCLK1Freq)
    HAL_RCCEx_GetPLL2ClockFreq               0x0810407d   Thumb Code   536  stm32h7xx_hal_rcc_ex.o(i.HAL_RCCEx_GetPLL2ClockFreq)
    HAL_RCCEx_GetPLL3ClockFreq               0x081042ad   Thumb Code   536  stm32h7xx_hal_rcc_ex.o(i.HAL_RCCEx_GetPLL3ClockFreq)
    HAL_RCCEx_PeriphCLKConfig                0x081044dd   Thumb Code  2910  stm32h7xx_hal_rcc_ex.o(i.HAL_RCCEx_PeriphCLKConfig)
    HAL_RCC_ClockConfig                      0x08105041   Thumb Code   774  stm32h7xx_hal_rcc.o(i.HAL_RCC_ClockConfig)
    HAL_RCC_GetClockConfig                   0x08105361   Thumb Code    98  stm32h7xx_hal_rcc.o(i.HAL_RCC_GetClockConfig)
    HAL_RCC_GetHCLKFreq                      0x081053cd   Thumb Code    60  stm32h7xx_hal_rcc.o(i.HAL_RCC_GetHCLKFreq)
    HAL_RCC_GetPCLK1Freq                     0x08105419   Thumb Code    26  stm32h7xx_hal_rcc.o(i.HAL_RCC_GetPCLK1Freq)
    HAL_RCC_GetPCLK2Freq                     0x0810543d   Thumb Code    26  stm32h7xx_hal_rcc.o(i.HAL_RCC_GetPCLK2Freq)
    HAL_RCC_GetSysClockFreq                  0x08105461   Thumb Code   524  stm32h7xx_hal_rcc.o(i.HAL_RCC_GetSysClockFreq)
    HAL_RCC_OscConfig                        0x0810568d   Thumb Code  2048  stm32h7xx_hal_rcc.o(i.HAL_RCC_OscConfig)
    HAL_SPI_ErrorCallback                    0x08105e8d   Thumb Code     2  stm32h7xx_hal_spi.o(i.HAL_SPI_ErrorCallback)
    HAL_SPI_IRQHandler                       0x08105e91   Thumb Code   648  stm32h7xx_hal_spi.o(i.HAL_SPI_IRQHandler)
    HAL_SPI_Init                             0x0810611d   Thumb Code   372  stm32h7xx_hal_spi.o(i.HAL_SPI_Init)
    HAL_SPI_MspInit                          0x0810629d   Thumb Code   356  spi.o(i.HAL_SPI_MspInit)
    HAL_SPI_RxCpltCallback                   0x0810641d   Thumb Code     2  stm32h7xx_hal_spi.o(i.HAL_SPI_RxCpltCallback)
    HAL_SPI_Transmit                         0x0810641f   Thumb Code   706  stm32h7xx_hal_spi.o(i.HAL_SPI_Transmit)
    HAL_SPI_TxCpltCallback                   0x081066e1   Thumb Code     2  stm32h7xx_hal_spi.o(i.HAL_SPI_TxCpltCallback)
    HAL_SPI_TxRxCpltCallback                 0x081066e3   Thumb Code     2  stm32h7xx_hal_spi.o(i.HAL_SPI_TxRxCpltCallback)
    HAL_TIMEx_Break2Callback                 0x081066e5   Thumb Code     2  stm32h7xx_hal_tim_ex.o(i.HAL_TIMEx_Break2Callback)
    HAL_TIMEx_BreakCallback                  0x081066e7   Thumb Code     2  stm32h7xx_hal_tim_ex.o(i.HAL_TIMEx_BreakCallback)
    HAL_TIMEx_CommutCallback                 0x081066e9   Thumb Code     2  stm32h7xx_hal_tim_ex.o(i.HAL_TIMEx_CommutCallback)
    HAL_TIMEx_ConfigBreakDeadTime            0x081066ed   Thumb Code   172  stm32h7xx_hal_tim_ex.o(i.HAL_TIMEx_ConfigBreakDeadTime)
    HAL_TIMEx_MasterConfigSynchronization    0x081067a1   Thumb Code   174  stm32h7xx_hal_tim_ex.o(i.HAL_TIMEx_MasterConfigSynchronization)
    HAL_TIM_Base_Init                        0x0810686d   Thumb Code   110  stm32h7xx_hal_tim.o(i.HAL_TIM_Base_Init)
    HAL_TIM_Base_MspInit                     0x081068dd   Thumb Code   156  tim.o(i.HAL_TIM_Base_MspInit)
    HAL_TIM_Base_Start_IT                    0x08106989   Thumb Code   146  stm32h7xx_hal_tim.o(i.HAL_TIM_Base_Start_IT)
    HAL_TIM_Base_Stop                        0x08106a3d   Thumb Code    50  stm32h7xx_hal_tim.o(i.HAL_TIM_Base_Stop)
    HAL_TIM_ConfigClockSource                0x08106a71   Thumb Code   304  stm32h7xx_hal_tim.o(i.HAL_TIM_ConfigClockSource)
    HAL_TIM_IC_CaptureCallback               0x08106ba5   Thumb Code     2  stm32h7xx_hal_tim.o(i.HAL_TIM_IC_CaptureCallback)
    HAL_TIM_IRQHandler                       0x08106ba7   Thumb Code   440  stm32h7xx_hal_tim.o(i.HAL_TIM_IRQHandler)
    HAL_TIM_MspPostInit                      0x08106d61   Thumb Code    82  tim.o(i.HAL_TIM_MspPostInit)
    HAL_TIM_OC_DelayElapsedCallback          0x08106dc1   Thumb Code     2  stm32h7xx_hal_tim.o(i.HAL_TIM_OC_DelayElapsedCallback)
    HAL_TIM_PWM_ConfigChannel                0x08106dc3   Thumb Code   368  stm32h7xx_hal_tim.o(i.HAL_TIM_PWM_ConfigChannel)
    HAL_TIM_PWM_Init                         0x08106f33   Thumb Code   110  stm32h7xx_hal_tim.o(i.HAL_TIM_PWM_Init)
    HAL_TIM_PWM_MspInit                      0x08106fa1   Thumb Code     2  stm32h7xx_hal_tim.o(i.HAL_TIM_PWM_MspInit)
    HAL_TIM_PWM_PulseFinishedCallback        0x08106fa3   Thumb Code     2  stm32h7xx_hal_tim.o(i.HAL_TIM_PWM_PulseFinishedCallback)
    HAL_TIM_PWM_Start                        0x08106fa5   Thumb Code   314  stm32h7xx_hal_tim.o(i.HAL_TIM_PWM_Start)
    HAL_TIM_PeriodElapsedCallback            0x08107109   Thumb Code    58  main.o(i.HAL_TIM_PeriodElapsedCallback)
    HAL_TIM_TriggerCallback                  0x0810715d   Thumb Code     2  stm32h7xx_hal_tim.o(i.HAL_TIM_TriggerCallback)
    HAL_UARTEx_DisableFifoMode               0x0810715f   Thumb Code    78  stm32h7xx_hal_uart_ex.o(i.HAL_UARTEx_DisableFifoMode)
    HAL_UARTEx_RxEventCallback               0x081071ad   Thumb Code     2  stm32h7xx_hal_uart.o(i.HAL_UARTEx_RxEventCallback)
    HAL_UARTEx_RxFifoFullCallback            0x081071af   Thumb Code     2  stm32h7xx_hal_uart_ex.o(i.HAL_UARTEx_RxFifoFullCallback)
    HAL_UARTEx_SetRxFifoThreshold            0x081071b1   Thumb Code    94  stm32h7xx_hal_uart_ex.o(i.HAL_UARTEx_SetRxFifoThreshold)
    HAL_UARTEx_SetTxFifoThreshold            0x0810720f   Thumb Code    94  stm32h7xx_hal_uart_ex.o(i.HAL_UARTEx_SetTxFifoThreshold)
    HAL_UARTEx_TxFifoEmptyCallback           0x0810726d   Thumb Code     2  stm32h7xx_hal_uart_ex.o(i.HAL_UARTEx_TxFifoEmptyCallback)
    HAL_UARTEx_WakeupCallback                0x0810726f   Thumb Code     2  stm32h7xx_hal_uart_ex.o(i.HAL_UARTEx_WakeupCallback)
    HAL_UART_ErrorCallback                   0x08107271   Thumb Code     2  stm32h7xx_hal_uart.o(i.HAL_UART_ErrorCallback)
    HAL_UART_IRQHandler                      0x08107275   Thumb Code  1112  stm32h7xx_hal_uart.o(i.HAL_UART_IRQHandler)
    HAL_UART_Init                            0x081076cd   Thumb Code   120  stm32h7xx_hal_uart.o(i.HAL_UART_Init)
    HAL_UART_MspInit                         0x08107745   Thumb Code   324  usart.o(i.HAL_UART_MspInit)
    HAL_UART_Receive_DMA                     0x081078a1   Thumb Code   110  stm32h7xx_hal_uart.o(i.HAL_UART_Receive_DMA)
    HAL_UART_RxCpltCallback                  0x08107915   Thumb Code    12  dev_uart.o(i.HAL_UART_RxCpltCallback)
    HAL_UART_RxHalfCpltCallback              0x08107921   Thumb Code    12  dev_uart.o(i.HAL_UART_RxHalfCpltCallback)
    HAL_UART_Transmit_DMA                    0x0810792d   Thumb Code   190  stm32h7xx_hal_uart.o(i.HAL_UART_Transmit_DMA)
    HAL_UART_TxCpltCallback                  0x081079f9   Thumb Code    12  dev_uart.o(i.HAL_UART_TxCpltCallback)
    HAL_UART_TxHalfCpltCallback              0x08107a05   Thumb Code     2  stm32h7xx_hal_uart.o(i.HAL_UART_TxHalfCpltCallback)
    HardFault_Handler                        0x08107a07   Thumb Code     4  stm32h7xx_it.o(i.HardFault_Handler)
    KEY_Task                                 0x08107a0d   Thumb Code    48  key_task.o(i.KEY_Task)
    LCD_Task                                 0x08107a45   Thumb Code    60  lcd_task.o(i.LCD_Task)
    MDMA_IRQHandler                          0x08107c7d   Thumb Code    10  stm32h7xx_it.o(i.MDMA_IRQHandler)
    MX_DMA_Init                              0x08107d51   Thumb Code    80  dma.o(i.MX_DMA_Init)
    MX_FMC_Init                              0x08107da5   Thumb Code   144  fmc.o(i.MX_FMC_Init)
    MX_FREERTOS_Init                         0x08107e3d   Thumb Code   138  freertos.o(i.MX_FREERTOS_Init)
    MX_GPIO_Init                             0x08107ee5   Thumb Code   298  gpio.o(i.MX_GPIO_Init)
    MX_MDMA_Init                             0x08108025   Thumb Code    48  mdma.o(i.MX_MDMA_Init)
    MX_QUADSPI_Init                          0x08108059   Thumb Code    52  quadspi.o(i.MX_QUADSPI_Init)
    MX_SPI1_Init                             0x08108095   Thumb Code    86  spi.o(i.MX_SPI1_Init)
    MX_TIM13_Init                            0x081080f5   Thumb Code    42  tim.o(i.MX_TIM13_Init)
    MX_TIM14_Init                            0x08108129   Thumb Code    44  tim.o(i.MX_TIM14_Init)
    MX_TIM1_Init                             0x0810815d   Thumb Code   224  tim.o(i.MX_TIM1_Init)
    MX_USART1_UART_Init                      0x08108245   Thumb Code   104  usart.o(i.MX_USART1_UART_Init)
    MX_USB_OTG_FS_PCD_Init                   0x081082b5   Thumb Code    52  usb_otg.o(i.MX_USB_OTG_FS_PCD_Init)
    MemManage_Handler                        0x081082f1   Thumb Code     4  stm32h7xx_it.o(i.MemManage_Handler)
    NMI_Handler                              0x081082f5   Thumb Code     4  stm32h7xx_it.o(i.NMI_Handler)
    OTG_FS_IRQHandler                        0x081082f9   Thumb Code    10  stm32h7xx_it.o(i.OTG_FS_IRQHandler)
    QUADSPI_IRQHandler                       0x081085f5   Thumb Code    10  stm32h7xx_it.o(i.QUADSPI_IRQHandler)
    SPI1_IRQHandler                          0x081088cd   Thumb Code    10  stm32h7xx_it.o(i.SPI1_IRQHandler)
    SPI_Transmit                             0x081089e9   Thumb Code    34  bsp_st7735s.o(i.SPI_Transmit)
    SPI_TransmitCmd                          0x08108a0d   Thumb Code    28  bsp_st7735s.o(i.SPI_TransmitCmd)
    SPI_TransmitData                         0x08108a31   Thumb Code    26  bsp_st7735s.o(i.SPI_TransmitData)
    ST7735S_Init                             0x08108a95   Thumb Code   176  st7735s.o(i.ST7735S_Init)
    ST7735S_Pixel                            0x08108b89   Thumb Code    52  st7735s.o(i.ST7735S_Pixel)
    ST7735S_bgPixel                          0x08108bcd   Thumb Code    52  st7735s.o(i.ST7735S_bgPixel)
    ST7735S_flush                            0x08108c11   Thumb Code   226  st7735s.o(i.ST7735S_flush)
    StartDefaultTask                         0x08108d29   Thumb Code    20  freertos.o(i.StartDefaultTask)
    Start_KEY_Task                           0x08108d41   Thumb Code    12  freertos.o(i.Start_KEY_Task)
    Start_LCD_Task                           0x08108d4d   Thumb Code    12  freertos.o(i.Start_LCD_Task)
    Start_Usart_Task                         0x08108d59   Thumb Code    12  freertos.o(i.Start_Usart_Task)
    SysTick_Handler                          0x08108d65   Thumb Code    46  port.o(i.SysTick_Handler)
    SystemClock_Config                       0x08108d99   Thumb Code   214  main.o(i.SystemClock_Config)
    SystemInit                               0x08108e7d   Thumb Code   212  system_stm32h7xx.o(i.SystemInit)
    TIM17_IRQHandler                         0x08108f79   Thumb Code    10  stm32h7xx_it.o(i.TIM17_IRQHandler)
    TIM8_TRG_COM_TIM14_IRQHandler            0x08108f89   Thumb Code    10  stm32h7xx_it.o(i.TIM8_TRG_COM_TIM14_IRQHandler)
    TIM8_UP_TIM13_IRQHandler                 0x08108f99   Thumb Code    10  stm32h7xx_it.o(i.TIM8_UP_TIM13_IRQHandler)
    TIM_Base_SetConfig                       0x08108fa9   Thumb Code   170  stm32h7xx_hal_tim.o(i.TIM_Base_SetConfig)
    TIM_CCxChannelCmd                        0x08109075   Thumb Code    34  stm32h7xx_hal_tim.o(i.TIM_CCxChannelCmd)
    TIM_ETR_SetConfig                        0x08109097   Thumb Code    22  stm32h7xx_hal_tim.o(i.TIM_ETR_SetConfig)
    TIM_OC2_SetConfig                        0x08109171   Thumb Code   156  stm32h7xx_hal_tim.o(i.TIM_OC2_SetConfig)
    UART_AdvFeatureConfig                    0x08109585   Thumb Code   248  stm32h7xx_hal_uart.o(i.UART_AdvFeatureConfig)
    UART_CheckIdleState                      0x0810967d   Thumb Code   118  stm32h7xx_hal_uart.o(i.UART_CheckIdleState)
    UART_SetConfig                           0x08109975   Thumb Code  1402  stm32h7xx_hal_uart.o(i.UART_SetConfig)
    UART_Start_Receive_DMA                   0x08109f01   Thumb Code   200  stm32h7xx_hal_uart.o(i.UART_Start_Receive_DMA)
    UART_WaitOnFlagUntilTimeout              0x08109fd5   Thumb Code   254  stm32h7xx_hal_uart.o(i.UART_WaitOnFlagUntilTimeout)
    USART1_IRQHandler                        0x0810a0d5   Thumb Code    16  stm32h7xx_it.o(i.USART1_IRQHandler)
    USB_ActivateSetup                        0x0810a0e9   Thumb Code    40  stm32h7xx_ll_usb.o(i.USB_ActivateSetup)
    USB_CoreInit                             0x0810a111   Thumb Code   142  stm32h7xx_ll_usb.o(i.USB_CoreInit)
    USB_DevDisconnect                        0x0810a201   Thumb Code    36  stm32h7xx_ll_usb.o(i.USB_DevDisconnect)
    USB_DevInit                              0x0810a225   Thumb Code   464  stm32h7xx_ll_usb.o(i.USB_DevInit)
    USB_DisableGlobalInt                     0x0810a3fd   Thumb Code    14  stm32h7xx_ll_usb.o(i.USB_DisableGlobalInt)
    USB_EP0_OutStart                         0x0810a40d   Thumb Code   106  stm32h7xx_ll_usb.o(i.USB_EP0_OutStart)
    USB_EPStopXfer                           0x0810a47d   Thumb Code   236  stm32h7xx_ll_usb.o(i.USB_EPStopXfer)
    USB_FlushRxFifo                          0x0810a569   Thumb Code    80  stm32h7xx_ll_usb.o(i.USB_FlushRxFifo)
    USB_FlushTxFifo                          0x0810a5bd   Thumb Code    84  stm32h7xx_ll_usb.o(i.USB_FlushTxFifo)
    USB_GetDevSpeed                          0x0810a615   Thumb Code    38  stm32h7xx_ll_usb.o(i.USB_GetDevSpeed)
    USB_GetMode                              0x0810a63b   Thumb Code    10  stm32h7xx_ll_usb.o(i.USB_GetMode)
    USB_ReadDevAllInEpInterrupt              0x0810a645   Thumb Code    20  stm32h7xx_ll_usb.o(i.USB_ReadDevAllInEpInterrupt)
    USB_ReadDevAllOutEpInterrupt             0x0810a659   Thumb Code    20  stm32h7xx_ll_usb.o(i.USB_ReadDevAllOutEpInterrupt)
    USB_ReadDevInEPInterrupt                 0x0810a66d   Thumb Code    50  stm32h7xx_ll_usb.o(i.USB_ReadDevInEPInterrupt)
    USB_ReadDevOutEPInterrupt                0x0810a69f   Thumb Code    26  stm32h7xx_ll_usb.o(i.USB_ReadDevOutEPInterrupt)
    USB_ReadInterrupts                       0x0810a6b9   Thumb Code    10  stm32h7xx_ll_usb.o(i.USB_ReadInterrupts)
    USB_ReadPacket                           0x0810a6c3   Thumb Code    96  stm32h7xx_ll_usb.o(i.USB_ReadPacket)
    USB_SetCurrentMode                       0x0810a723   Thumb Code   104  stm32h7xx_ll_usb.o(i.USB_SetCurrentMode)
    USB_SetDevSpeed                          0x0810a78b   Thumb Code    18  stm32h7xx_ll_usb.o(i.USB_SetDevSpeed)
    USB_SetTurnaroundTime                    0x0810a79d   Thumb Code   192  stm32h7xx_ll_usb.o(i.USB_SetTurnaroundTime)
    USB_WritePacket                          0x0810a885   Thumb Code    68  stm32h7xx_ll_usb.o(i.USB_WritePacket)
    Uart_Device_init                         0x0810a8c9   Thumb Code    98  dev_uart.o(i.Uart_Device_init)
    UsageFault_Handler                       0x0810a94d   Thumb Code     4  stm32h7xx_it.o(i.UsageFault_Handler)
    Usart_Task                               0x0810a951   Thumb Code   126  uart_task.o(i.Usart_Task)
    User_UART_Get_TX_Buff_Occupy             0x0810a9dd   Thumb Code    24  dev_uart.o(i.User_UART_Get_TX_Buff_Occupy)
    User_UART_IRQHandler                     0x0810ab25   Thumb Code    34  dev_uart.o(i.User_UART_IRQHandler)
    User_UART_Init                           0x0810ab4d   Thumb Code    30  dev_uart.o(i.User_UART_Init)
    User_UART_Poll_DMA_TX                    0x0810ab6d   Thumb Code    62  dev_uart.o(i.User_UART_Poll_DMA_TX)
    User_UART_Read                           0x0810abb5   Thumb Code    32  dev_uart.o(i.User_UART_Read)
    User_UART_Write                          0x0810ad55   Thumb Code    32  dev_uart.o(i.User_UART_Write)
    _Delay                                   0x0810ad7d   Thumb Code    12  bsp_st7735s.o(i._Delay)
    _LineHigh                                0x0810ad89   Thumb Code   108  gfx.o(i._LineHigh)
    _LineLow                                 0x0810adf5   Thumb Code   110  gfx.o(i._LineLow)
    __0sprintf$6                             0x0810ae65   Thumb Code    34  printf6.o(i.__0sprintf$6)
    __1sprintf$6                             0x0810ae65   Thumb Code     0  printf6.o(i.__0sprintf$6)
    __2sprintf                               0x0810ae65   Thumb Code     0  printf6.o(i.__0sprintf$6)
    __scatterload_copy                       0x0810aec5   Thumb Code    14  handlers.o(i.__scatterload_copy)
    __scatterload_null                       0x0810aed3   Thumb Code     2  handlers.o(i.__scatterload_null)
    __scatterload_zeroinit                   0x0810aed5   Thumb Code    14  handlers.o(i.__scatterload_zeroinit)
    _lookupGlyph                             0x0810aee5   Thumb Code   176  gfx.o(i._lookupGlyph)
    configureTimerForRunTimeStats            0x0810b2e5   Thumb Code     8  freertos.o(i.configureTimerForRunTimeStats)
    drawGlyph                                0x0810b2f1   Thumb Code   144  gfx.o(i.drawGlyph)
    drawLine                                 0x0810b389   Thumb Code   112  gfx.o(i.drawLine)
    drawText                                 0x0810b3f9   Thumb Code    40  gfx.o(i.drawText)
    eTaskGetState                            0x0810b425   Thumb Code   128  tasks.o(i.eTaskGetState)
    fifo_get_free_size                       0x0810b4b9   Thumb Code    24  fifo.o(i.fifo_get_free_size)
    fifo_get_occupy_size                     0x0810b4d1   Thumb Code    12  fifo.o(i.fifo_get_occupy_size)
    fifo_read                                0x0810b4fd   Thumb Code   116  fifo.o(i.fifo_read)
    fifo_register                            0x0810b571   Thumb Code    26  fifo.o(i.fifo_register)
    fifo_write                               0x0810b59d   Thumb Code   116  fifo.o(i.fifo_write)
    fillScreen                               0x0810b611   Thumb Code    24  gfx.o(i.fillScreen)
    filledRect                               0x0810b631   Thumb Code   200  gfx.o(i.filledRect)
    flushBuffer                              0x0810b6f9   Thumb Code     8  gfx.o(i.flushBuffer)
    getRunTimeCounterValue                   0x0810b701   Thumb Code     6  freertos.o(i.getRunTimeCounterValue)
    main                                     0x0810b71d   Thumb Code    88  main.o(i.main)
    osDelay                                  0x0810b78f   Thumb Code    24  cmsis_os.o(i.osDelay)
    osKernelStart                            0x0810b7a7   Thumb Code    10  cmsis_os.o(i.osKernelStart)
    osSemaphoreCreate                        0x0810b7b1   Thumb Code    74  cmsis_os.o(i.osSemaphoreCreate)
    osSemaphoreRelease                       0x0810b7fd   Thumb Code    76  cmsis_os.o(i.osSemaphoreRelease)
    osSemaphoreWait                          0x0810b84d   Thumb Code   100  cmsis_os.o(i.osSemaphoreWait)
    osThreadCreate                           0x0810b8b5   Thumb Code    94  cmsis_os.o(i.osThreadCreate)
    pvPortMalloc                             0x0810c3c5   Thumb Code   306  heap_4.o(i.pvPortMalloc)
    pvTaskIncrementMutexHeldCount            0x0810c511   Thumb Code    26  tasks.o(i.pvTaskIncrementMutexHeldCount)
    pxPortInitialiseStack                    0x0810c531   Thumb Code    38  port.o(i.pxPortInitialiseStack)
    resetWindow                              0x0810c55d   Thumb Code    34  st7735s.o(i.resetWindow)
    setColor                                 0x0810c599   Thumb Code    48  gfx.o(i.setColor)
    setColorC                                0x0810c5c9   Thumb Code    18  gfx.o(i.setColorC)
    setFont                                  0x0810c5e1   Thumb Code    46  gfx.o(i.setFont)
    setOrientation                           0x0810c615   Thumb Code   166  st7735s.o(i.setOrientation)
    setbgColor                               0x0810c6d5   Thumb Code    48  gfx.o(i.setbgColor)
    setbgColorC                              0x0810c705   Thumb Code    18  gfx.o(i.setbgColorC)
    updateWindow                             0x0810c71d   Thumb Code    66  st7735s.o(i.updateWindow)
    uxListRemove                             0x0810c779   Thumb Code    40  list.o(i.uxListRemove)
    uxTaskGetNumberOfTasks                   0x0810c7a1   Thumb Code     6  tasks.o(i.uxTaskGetNumberOfTasks)
    uxTaskGetSystemState                     0x0810c7ad   Thumb Code   154  tasks.o(i.uxTaskGetSystemState)
    vApplicationGetIdleTaskMemory            0x0810c861   Thumb Code    14  freertos.o(i.vApplicationGetIdleTaskMemory)
    vApplicationGetTimerTaskMemory           0x0810c879   Thumb Code    16  freertos.o(i.vApplicationGetTimerTaskMemory)
    vApplicationStackOverflowHook            0x0810c891   Thumb Code    54  freertos.o(i.vApplicationStackOverflowHook)
    vListInitialise                          0x0810c8e9   Thumb Code    26  list.o(i.vListInitialise)
    vListInitialiseItem                      0x0810c903   Thumb Code     6  list.o(i.vListInitialiseItem)
    vListInsert                              0x0810c909   Thumb Code    52  list.o(i.vListInsert)
    vListInsertEnd                           0x0810c93d   Thumb Code    24  list.o(i.vListInsertEnd)
    vPortEnterCritical                       0x0810c955   Thumb Code    76  port.o(i.vPortEnterCritical)
    vPortExitCritical                        0x0810c9a9   Thumb Code    56  port.o(i.vPortExitCritical)
    vPortFree                                0x0810c9e5   Thumb Code   150  heap_4.o(i.vPortFree)
    vPortSetupTimerInterrupt                 0x0810ca89   Thumb Code    36  port.o(i.vPortSetupTimerInterrupt)
    vPortValidateInterruptPriority           0x0810cab1   Thumb Code   106  port.o(i.vPortValidateInterruptPriority)
    vQueueAddToRegistry                      0x0810cb29   Thumb Code    38  queue.o(i.vQueueAddToRegistry)
    vQueueWaitForMessageRestricted           0x0810cb55   Thumb Code    74  queue.o(i.vQueueWaitForMessageRestricted)
    vTaskDelay                               0x0810cba1   Thumb Code    82  tasks.o(i.vTaskDelay)
    vTaskGetInfo                             0x0810cbfd   Thumb Code   126  tasks.o(i.vTaskGetInfo)
    vTaskInternalSetTimeOutState             0x0810cc81   Thumb Code    14  tasks.o(i.vTaskInternalSetTimeOutState)
    vTaskMissedYield                         0x0810cc99   Thumb Code     8  tasks.o(i.vTaskMissedYield)
    vTaskPlaceOnEventList                    0x0810cca5   Thumb Code    52  tasks.o(i.vTaskPlaceOnEventList)
    vTaskPlaceOnEventListRestricted          0x0810ccdd   Thumb Code    60  tasks.o(i.vTaskPlaceOnEventListRestricted)
    vTaskPriorityDisinheritAfterTimeout      0x0810cd1d   Thumb Code   216  tasks.o(i.vTaskPriorityDisinheritAfterTimeout)
    vTaskStartScheduler                      0x0810ce01   Thumb Code   160  tasks.o(i.vTaskStartScheduler)
    vTaskSuspendAll                          0x0810cebd   Thumb Code    12  tasks.o(i.vTaskSuspendAll)
    vTaskSwitchContext                       0x0810cecd   Thumb Code   200  tasks.o(i.vTaskSwitchContext)
    xPortStartScheduler                      0x0810cfb1   Thumb Code   330  port.o(i.xPortStartScheduler)
    xQueueGenericCreate                      0x0810d119   Thumb Code    90  queue.o(i.xQueueGenericCreate)
    xQueueGenericCreateStatic                0x0810d173   Thumb Code   224  queue.o(i.xQueueGenericCreateStatic)
    xQueueGenericReset                       0x0810d255   Thumb Code   146  queue.o(i.xQueueGenericReset)
    xQueueGenericSend                        0x0810d2ed   Thumb Code   420  queue.o(i.xQueueGenericSend)
    xQueueGenericSendFromISR                 0x0810d495   Thumb Code   252  queue.o(i.xQueueGenericSendFromISR)
    xQueueGiveFromISR                        0x0810d591   Thumb Code   224  queue.o(i.xQueueGiveFromISR)
    xQueueReceive                            0x0810d671   Thumb Code   356  queue.o(i.xQueueReceive)
    xQueueReceiveFromISR                     0x0810d7d9   Thumb Code   202  queue.o(i.xQueueReceiveFromISR)
    xQueueSemaphoreTake                      0x0810d8a5   Thumb Code   434  queue.o(i.xQueueSemaphoreTake)
    xTaskCheckForTimeOut                     0x0810da5d   Thumb Code   132  tasks.o(i.xTaskCheckForTimeOut)
    xTaskCreate                              0x0810dae9   Thumb Code   100  tasks.o(i.xTaskCreate)
    xTaskCreateStatic                        0x0810db4d   Thumb Code   186  tasks.o(i.xTaskCreateStatic)
    xTaskGetSchedulerState                   0x0810dc09   Thumb Code    24  tasks.o(i.xTaskGetSchedulerState)
    xTaskGetTickCount                        0x0810dc29   Thumb Code     6  tasks.o(i.xTaskGetTickCount)
    xTaskIncrementTick                       0x0810dc35   Thumb Code   282  tasks.o(i.xTaskIncrementTick)
    xTaskPriorityDisinherit                  0x0810dd7d   Thumb Code   188  tasks.o(i.xTaskPriorityDisinherit)
    xTaskPriorityInherit                     0x0810de45   Thumb Code   172  tasks.o(i.xTaskPriorityInherit)
    xTaskRemoveFromEventList                 0x0810defd   Thumb Code   128  tasks.o(i.xTaskRemoveFromEventList)
    xTaskResumeAll                           0x0810df95   Thumb Code   224  tasks.o(i.xTaskResumeAll)
    xTimerCreateTimerTask                    0x0810e099   Thumb Code   100  timers.o(i.xTimerCreateTimerTask)
    xTimerGenericCommand                     0x0810e111   Thumb Code   126  timers.o(i.xTimerGenericCommand)
    UARTPrescTable                           0x0810e240   Data          24  stm32h7xx_hal_uart.o(.constdata)
    D1CorePrescTable                         0x0810e268   Data          16  system_stm32h7xx.o(.constdata)
    Region$$Table$$Base                      0x0810e2a8   Number         0  anon$$obj.o(Region$$Table)
    Region$$Table$$Limit                     0x0810e2c8   Number         0  anon$$obj.o(Region$$Table)
    g_JumpInit                               0x20000000   Data           4  main.o(.ARM.__AT_0x20000000)
    frame                                    0x24000000   Data       32768  st7735s.o(.RAM_D3)
    defaultTaskHandle                        0x24008000   Data           4  freertos.o(.data)
    KEY_TaskHandle                           0x24008004   Data           4  freertos.o(.data)
    LCD_TaskHandle                           0x24008008   Data           4  freertos.o(.data)
    Usart_TaskHandle                         0x2400800c   Data           4  freertos.o(.data)
    Uart_Time_Out_Binary_SemHandle           0x24008010   Data           4  freertos.o(.data)
    Key_ON_Binary_SemHandle                  0x24008014   Data           4  freertos.o(.data)
    ulHighFrequencyTimerTicks                0x24008018   Data           4  freertos.o(.data)
    ter_u12b                                 0x24008026   Data        1026  fonts.o(.data)
    ter_u12n                                 0x24008428   Data        1026  fonts.o(.data)
    ter_u14b                                 0x2400882a   Data        1194  fonts.o(.data)
    ter_u14n                                 0x24008cd4   Data        1194  fonts.o(.data)
    ter_u14v                                 0x2400917e   Data        1194  fonts.o(.data)
    ter_u16b                                 0x24009628   Data        1362  fonts.o(.data)
    ter_u16n                                 0x24009b7a   Data        1362  fonts.o(.data)
    ter_u16v                                 0x2400a0cc   Data        1362  fonts.o(.data)
    ter_u18b                                 0x2400a61e   Data        3042  fonts.o(.data)
    ter_u18n                                 0x2400b200   Data        3042  fonts.o(.data)
    ter_u20b                                 0x2400bde2   Data        3378  fonts.o(.data)
    ter_u20n                                 0x2400cb14   Data        3378  fonts.o(.data)
    ter_u22b                                 0x2400d846   Data        3714  fonts.o(.data)
    ter_u22n                                 0x2400e6c8   Data        3714  fonts.o(.data)
    ter_u24b                                 0x2400f54a   Data        4050  fonts.o(.data)
    ter_u24n                                 0x2401051c   Data        4050  fonts.o(.data)
    ter_u28b                                 0x240114ee   Data        4722  fonts.o(.data)
    ter_u28n                                 0x24012760   Data        4722  fonts.o(.data)
    ter_u32b                                 0x240139d2   Data        5394  fonts.o(.data)
    ter_u32n                                 0x24014ee4   Data        5394  fonts.o(.data)
    bg_transparent                           0x240163f8   Data           1  gfx.o(.data)
    isPie                                    0x240163f9   Data           1  gfx.o(.data)
    gxc                                      0x240163fa   Data           2  gfx.o(.data)
    gyc                                      0x240163fc   Data           2  gfx.o(.data)
    angle_from                               0x24016400   Data           4  gfx.o(.data)
    angle_to                                 0x24016404   Data           4  gfx.o(.data)
    pfont                                    0x24016408   Data           8  gfx.o(.data)
    Set_Frame_Rate_CMD0                      0x24016410   Data           4  st7735s.o(.data)
    Set_Frame_Rate_CMD1                      0x24016414   Data           4  st7735s.o(.data)
    Set_Frame_Rate_CMD2                      0x24016418   Data           7  st7735s.o(.data)
    Set_Display_Inversion_CMD                0x2401641f   Data           2  st7735s.o(.data)
    Set_Power_Sequence_CMD0                  0x24016421   Data           4  st7735s.o(.data)
    Set_Power_Sequence_CMD1                  0x24016425   Data           2  st7735s.o(.data)
    Set_Power_Sequence_CMD2                  0x24016427   Data           3  st7735s.o(.data)
    Set_Power_Sequence_CMD3                  0x2401642a   Data           3  st7735s.o(.data)
    Set_Power_Sequence_CMD4                  0x2401642d   Data           3  st7735s.o(.data)
    Set_VCOM_CMD                             0x24016430   Data           2  st7735s.o(.data)
    Set_Memory_Data_Access_CMD               0x24016432   Data           2  st7735s.o(.data)
    Set_Gamma_Sequence_CMD0                  0x24016434   Data          17  st7735s.o(.data)
    Set_Gamma_Sequence_CMD1                  0x24016445   Data          17  st7735s.o(.data)
    Set_Interface_Pixel_CMD                  0x24016456   Data           2  st7735s.o(.data)
    Set_Display_on_CMD                       0x24016458   Data           1  st7735s.o(.data)
    Set_Sleep_Out_CMD                        0x24016459   Data           1  st7735s.o(.data)
    WIDTH                                    0x2401645a   Data           2  st7735s.o(.data)
    HEIGHT                                   0x2401645c   Data           2  st7735s.o(.data)
    XSTART                                   0x2401645e   Data           2  st7735s.o(.data)
    YSTART                                   0x24016460   Data           2  st7735s.o(.data)
    xmin                                     0x24016462   Data           2  st7735s.o(.data)
    xmax                                     0x24016464   Data           2  st7735s.o(.data)
    ymin                                     0x24016466   Data           2  st7735s.o(.data)
    ymax                                     0x24016468   Data           2  st7735s.o(.data)
    madctl                                   0x2401646a   Data           1  st7735s.o(.data)
    color                                    0x2401646b   Data           2  st7735s.o(.data)
    bg_color                                 0x2401646d   Data           2  st7735s.o(.data)
    uwTick                                   0x24016474   Data           4  stm32h7xx_hal.o(.data)
    uwTickPrio                               0x24016478   Data           4  stm32h7xx_hal.o(.data)
    uwTickFreq                               0x2401647c   Data           1  stm32h7xx_hal.o(.data)
    SystemCoreClock                          0x24016480   Data           4  system_stm32h7xx.o(.data)
    SystemD2Clock                            0x24016484   Data           4  system_stm32h7xx.o(.data)
    pxCurrentTCB                             0x24016488   Data           4  tasks.o(.data)
    hnand1                                   0x24016bcc   Data          64  fmc.o(.bss)
    hqspi                                    0x24016c0c   Data          76  quadspi.o(.bss)
    hmdma_quadspi_fifo_th                    0x24016c58   Data         108  quadspi.o(.bss)
    hspi1                                    0x24016cc4   Data         136  spi.o(.bss)
    hdma_spi1_tx                             0x24016d4c   Data         120  spi.o(.bss)
    htim1                                    0x24016dc4   Data          76  tim.o(.bss)
    htim13                                   0x24016e10   Data          76  tim.o(.bss)
    htim14                                   0x24016e5c   Data          76  tim.o(.bss)
    huart1                                   0x24016ea8   Data         144  usart.o(.bss)
    hdma_usart1_rx                           0x24016f38   Data         120  usart.o(.bss)
    hdma_usart1_tx                           0x24016fb0   Data         120  usart.o(.bss)
    hpcd_USB_OTG_FS                          0x24017028   Data        1292  usb_otg.o(.bss)
    htim17                                   0x24017534   Data          76  stm32h7xx_hal_timebase_tim.o(.bss)
    xQueueRegistry                           0x240185cc   Data          64  queue.o(.bss)
    __initial_sp                             0x2401cbf0   Data           0  startup_stm32h743xx.o(STACK)



==============================================================================

Memory Map of the image

  Image Entry point : 0x08100299

  Load Region LR_IROM1 (Base: 0x08100000, Size: 0x000247d4, Max: 0x00200000, ABSOLUTE, COMPRESSED[0x000113e8])

    Execution Region ER_IROM1 (Exec base: 0x08100000, Load base: 0x08100000, Size: 0x0000e2c8, Max: 0x00200000, ABSOLUTE)

    Exec Addr    Load Addr    Size         Type   Attr      Idx    E Section Name        Object

    0x08100000   0x08100000   0x00000298   Data   RO            3    RESET               startup_stm32h743xx.o
    0x08100298   0x08100298   0x00000000   Code   RO         8836  * .ARM.Collect$$$$00000000  mc_w.l(entry.o)
    0x08100298   0x08100298   0x00000004   Code   RO         9118    .ARM.Collect$$$$00000001  mc_w.l(entry2.o)
    0x0810029c   0x0810029c   0x00000004   Code   RO         9121    .ARM.Collect$$$$00000004  mc_w.l(entry5.o)
    0x081002a0   0x081002a0   0x00000000   Code   RO         9123    .ARM.Collect$$$$00000008  mc_w.l(entry7b.o)
    0x081002a0   0x081002a0   0x00000000   Code   RO         9125    .ARM.Collect$$$$0000000A  mc_w.l(entry8b.o)
    0x081002a0   0x081002a0   0x00000008   Code   RO         9126    .ARM.Collect$$$$0000000B  mc_w.l(entry9a.o)
    0x081002a8   0x081002a8   0x00000004   Code   RO         9133    .ARM.Collect$$$$0000000E  mc_w.l(entry12b.o)
    0x081002ac   0x081002ac   0x00000000   Code   RO         9128    .ARM.Collect$$$$0000000F  mc_w.l(entry10a.o)
    0x081002ac   0x081002ac   0x00000000   Code   RO         9130    .ARM.Collect$$$$00000011  mc_w.l(entry11a.o)
    0x081002ac   0x081002ac   0x00000004   Code   RO         9119    .ARM.Collect$$$$00002712  mc_w.l(entry2.o)
    0x081002b0   0x081002b0   0x000000be   Code   RO         8759    .emb_text           port.o
    0x0810036e   0x0810036e   0x00000002   PAD
    0x08100370   0x08100370   0x00000024   Code   RO            4    .text               startup_stm32h743xx.o
    0x08100394   0x08100394   0x00000062   Code   RO         8839    .text               mc_w.l(uldiv.o)
    0x081003f6   0x081003f6   0x00000024   Code   RO         8841    .text               mc_w.l(memcpya.o)
    0x0810041a   0x0810041a   0x00000024   Code   RO         8845    .text               mc_w.l(memseta.o)
    0x0810043e   0x0810043e   0x00000018   Code   RO         8847    .text               mc_w.l(strcat.o)
    0x08100456   0x08100456   0x00000014   Code   RO         8849    .text               mc_w.l(strchr.o)
    0x0810046a   0x0810046a   0x0000002c   Code   RO         9137    .text               mc_w.l(uidiv.o)
    0x08100496   0x08100496   0x0000001e   Code   RO         9139    .text               mc_w.l(llshl.o)
    0x081004b4   0x081004b4   0x00000020   Code   RO         9141    .text               mc_w.l(llushr.o)
    0x081004d4   0x081004d4   0x00000024   Code   RO         9154    .text               mc_w.l(init.o)
    0x081004f8   0x081004f8   0x0000005e   Code   RO         9170    .text               mc_w.l(__dclz77c.o)
    0x08100556   0x08100556   0x00000002   PAD
    0x08100558   0x08100558   0x0000003c   Code   RO         1071    i.Backlight_Pct     bsp_st7735s.o
    0x08100594   0x08100594   0x00000004   Code   RO          767    i.BusFault_Handler  stm32h7xx_it.o
    0x08100598   0x08100598   0x00000010   Code   RO          768    i.DMA1_Stream0_IRQHandler  stm32h7xx_it.o
    0x081005a8   0x081005a8   0x00000010   Code   RO          769    i.DMA1_Stream1_IRQHandler  stm32h7xx_it.o
    0x081005b8   0x081005b8   0x00000010   Code   RO          770    i.DMA1_Stream2_IRQHandler  stm32h7xx_it.o
    0x081005c8   0x081005c8   0x000000ec   Code   RO         2559    i.DMA_CalcBaseAndBitshift  stm32h7xx_hal_dma.o
    0x081006b4   0x081006b4   0x000000c4   Code   RO         2560    i.DMA_CalcDMAMUXChannelBaseAndMask  stm32h7xx_hal_dma.o
    0x08100778   0x08100778   0x00000098   Code   RO         2561    i.DMA_CalcDMAMUXRequestGenBaseAndMask  stm32h7xx_hal_dma.o
    0x08100810   0x08100810   0x000000ae   Code   RO         2562    i.DMA_CheckFifoParam  stm32h7xx_hal_dma.o
    0x081008be   0x081008be   0x00000002   PAD
    0x081008c0   0x081008c0   0x00000274   Code   RO         2563    i.DMA_SetConfig     stm32h7xx_hal_dma.o
    0x08100b34   0x08100b34   0x00000002   Code   RO          771    i.DebugMon_Handler  stm32h7xx_it.o
    0x08100b36   0x08100b36   0x0000000c   Code   RO         1339    i.Delay             st7735s.o
    0x08100b42   0x08100b42   0x00000006   Code   RO           13    i.Error_Handler     main.o
    0x08100b48   0x08100b48   0x00000020   Code   RO         4166    i.FMC_NAND_AttributeSpace_Timing_Init  stm32h7xx_ll_fmc.o
    0x08100b68   0x08100b68   0x00000020   Code   RO         4167    i.FMC_NAND_CommonSpace_Timing_Init  stm32h7xx_ll_fmc.o
    0x08100b88   0x08100b88   0x00000034   Code   RO         4172    i.FMC_NAND_Init     stm32h7xx_ll_fmc.o
    0x08100bbc   0x08100bbc   0x000004dc   Code   RO         2564    i.HAL_DMA_Abort     stm32h7xx_hal_dma.o
    0x08101098   0x08101098   0x00000398   Code   RO         2565    i.HAL_DMA_Abort_IT  stm32h7xx_hal_dma.o
    0x08101430   0x08101430   0x00000af8   Code   RO         2569    i.HAL_DMA_IRQHandler  stm32h7xx_hal_dma.o
    0x08101f28   0x08101f28   0x00000520   Code   RO         2570    i.HAL_DMA_Init      stm32h7xx_hal_dma.o
    0x08102448   0x08102448   0x000003e0   Code   RO         2574    i.HAL_DMA_Start_IT  stm32h7xx_hal_dma.o
    0x08102828   0x08102828   0x00000028   Code   RO         3273    i.HAL_Delay         stm32h7xx_hal.o
    0x08102850   0x08102850   0x00000100   Code   RO          460    i.HAL_FMC_MspInit   fmc.o
    0x08102950   0x08102950   0x000001fc   Code   RO         2412    i.HAL_GPIO_Init     stm32h7xx_hal_gpio.o
    0x08102b4c   0x08102b4c   0x00000010   Code   RO         2414    i.HAL_GPIO_ReadPin  stm32h7xx_hal_gpio.o
    0x08102b5c   0x08102b5c   0x00000014   Code   RO         2415    i.HAL_GPIO_TogglePin  stm32h7xx_hal_gpio.o
    0x08102b70   0x08102b70   0x0000000c   Code   RO         2416    i.HAL_GPIO_WritePin  stm32h7xx_hal_gpio.o
    0x08102b7c   0x08102b7c   0x0000000c   Code   RO         3284    i.HAL_GetREVID      stm32h7xx_hal.o
    0x08102b88   0x08102b88   0x0000000c   Code   RO         3285    i.HAL_GetTick       stm32h7xx_hal.o
    0x08102b94   0x08102b94   0x00000018   Code   RO         3291    i.HAL_IncTick       stm32h7xx_hal.o
    0x08102bac   0x08102bac   0x00000060   Code   RO         3292    i.HAL_Init          stm32h7xx_hal.o
    0x08102c0c   0x08102c0c   0x00000094   Code   RO          915    i.HAL_InitTick      stm32h7xx_hal_timebase_tim.o
    0x08102ca0   0x08102ca0   0x0000002e   Code   RO         2747    i.HAL_MDMA_Abort_IT  stm32h7xx_hal_mdma.o
    0x08102cce   0x08102cce   0x0000006e   Code   RO         2748    i.HAL_MDMA_ConfigPostRequestMask  stm32h7xx_hal_mdma.o
    0x08102d3c   0x08102d3c   0x000001e0   Code   RO         2753    i.HAL_MDMA_IRQHandler  stm32h7xx_hal_mdma.o
    0x08102f1c   0x08102f1c   0x0000006c   Code   RO         2754    i.HAL_MDMA_Init     stm32h7xx_hal_mdma.o
    0x08102f88   0x08102f88   0x00000030   Code   RO          891    i.HAL_MspInit       stm32h7xx_hal_msp.o
    0x08102fb8   0x08102fb8   0x00000064   Code   RO         4326    i.HAL_NAND_Init     stm32h7xx_hal_nand.o
    0x0810301c   0x0810301c   0x0000000a   Code   RO          462    i.HAL_NAND_MspInit  fmc.o
    0x08103026   0x08103026   0x00000028   Code   RO         1707    i.HAL_NVIC_EnableIRQ  stm32h7xx_hal_cortex.o
    0x0810304e   0x0810304e   0x0000007a   Code   RO         1713    i.HAL_NVIC_SetPriority  stm32h7xx_hal_cortex.o
    0x081030c8   0x081030c8   0x00000028   Code   RO         1714    i.HAL_NVIC_SetPriorityGrouping  stm32h7xx_hal_cortex.o
    0x081030f0   0x081030f0   0x00000028   Code   RO         6844    i.HAL_PCDEx_ActivateLPM  stm32h7xx_hal_pcd_ex.o
    0x08103118   0x08103118   0x00000002   Code   RO         6849    i.HAL_PCDEx_LPM_Callback  stm32h7xx_hal_pcd_ex.o
    0x0810311a   0x0810311a   0x00000002   Code   RO         6607    i.HAL_PCD_ConnectCallback  stm32h7xx_hal_pcd.o
    0x0810311c   0x0810311c   0x00000002   Code   RO         6608    i.HAL_PCD_DataInStageCallback  stm32h7xx_hal_pcd.o
    0x0810311e   0x0810311e   0x00000002   Code   RO         6609    i.HAL_PCD_DataOutStageCallback  stm32h7xx_hal_pcd.o
    0x08103120   0x08103120   0x00000002   Code   RO         6614    i.HAL_PCD_DisconnectCallback  stm32h7xx_hal_pcd.o
    0x08103122   0x08103122   0x00000042   Code   RO         6615    i.HAL_PCD_EP_Abort  stm32h7xx_hal_pcd.o
    0x08103164   0x08103164   0x0000070e   Code   RO         6625    i.HAL_PCD_IRQHandler  stm32h7xx_hal_pcd.o
    0x08103872   0x08103872   0x00000002   Code   RO         6626    i.HAL_PCD_ISOINIncompleteCallback  stm32h7xx_hal_pcd.o
    0x08103874   0x08103874   0x00000002   Code   RO         6627    i.HAL_PCD_ISOOUTIncompleteCallback  stm32h7xx_hal_pcd.o
    0x08103876   0x08103876   0x00000172   Code   RO         6628    i.HAL_PCD_Init      stm32h7xx_hal_pcd.o
    0x081039e8   0x081039e8   0x000000cc   Code   RO          726    i.HAL_PCD_MspInit   usb_otg.o
    0x08103ab4   0x08103ab4   0x00000002   Code   RO         6631    i.HAL_PCD_ResetCallback  stm32h7xx_hal_pcd.o
    0x08103ab6   0x08103ab6   0x00000002   Code   RO         6632    i.HAL_PCD_ResumeCallback  stm32h7xx_hal_pcd.o
    0x08103ab8   0x08103ab8   0x00000002   Code   RO         6633    i.HAL_PCD_SOFCallback  stm32h7xx_hal_pcd.o
    0x08103aba   0x08103aba   0x00000002   Code   RO         6636    i.HAL_PCD_SetupStageCallback  stm32h7xx_hal_pcd.o
    0x08103abc   0x08103abc   0x00000002   Code   RO         6639    i.HAL_PCD_SuspendCallback  stm32h7xx_hal_pcd.o
    0x08103abe   0x08103abe   0x00000002   PAD
    0x08103ac0   0x08103ac0   0x00000060   Code   RO         3013    i.HAL_PWREx_ConfigSupply  stm32h7xx_hal_pwr_ex.o
    0x08103b20   0x08103b20   0x00000014   Code   RO         3030    i.HAL_PWREx_EnableUSBVoltageDetector  stm32h7xx_hal_pwr_ex.o
    0x08103b34   0x08103b34   0x00000002   Code   RO         4479    i.HAL_QSPI_AbortCpltCallback  stm32h7xx_hal_qspi.o
    0x08103b36   0x08103b36   0x00000002   Code   RO         4483    i.HAL_QSPI_CmdCpltCallback  stm32h7xx_hal_qspi.o
    0x08103b38   0x08103b38   0x00000002   Code   RO         4487    i.HAL_QSPI_ErrorCallback  stm32h7xx_hal_qspi.o
    0x08103b3a   0x08103b3a   0x00000002   Code   RO         4488    i.HAL_QSPI_FifoThresholdCallback  stm32h7xx_hal_qspi.o
    0x08103b3c   0x08103b3c   0x00000284   Code   RO         4492    i.HAL_QSPI_IRQHandler  stm32h7xx_hal_qspi.o
    0x08103dc0   0x08103dc0   0x000000b0   Code   RO         4493    i.HAL_QSPI_Init     stm32h7xx_hal_qspi.o
    0x08103e70   0x08103e70   0x000001dc   Code   RO          537    i.HAL_QSPI_MspInit  quadspi.o
    0x0810404c   0x0810404c   0x00000002   Code   RO         4500    i.HAL_QSPI_RxCpltCallback  stm32h7xx_hal_qspi.o
    0x0810404e   0x0810404e   0x00000004   Code   RO         4503    i.HAL_QSPI_SetTimeout  stm32h7xx_hal_qspi.o
    0x08104052   0x08104052   0x00000002   Code   RO         4504    i.HAL_QSPI_StatusMatchCallback  stm32h7xx_hal_qspi.o
    0x08104054   0x08104054   0x00000002   Code   RO         4505    i.HAL_QSPI_TimeOutCallback  stm32h7xx_hal_qspi.o
    0x08104056   0x08104056   0x00000002   Code   RO         4509    i.HAL_QSPI_TxCpltCallback  stm32h7xx_hal_qspi.o
    0x08104058   0x08104058   0x00000024   Code   RO         1963    i.HAL_RCCEx_GetD3PCLK1Freq  stm32h7xx_hal_rcc_ex.o
    0x0810407c   0x0810407c   0x00000230   Code   RO         1965    i.HAL_RCCEx_GetPLL2ClockFreq  stm32h7xx_hal_rcc_ex.o
    0x081042ac   0x081042ac   0x00000230   Code   RO         1966    i.HAL_RCCEx_GetPLL3ClockFreq  stm32h7xx_hal_rcc_ex.o
    0x081044dc   0x081044dc   0x00000b64   Code   RO         1972    i.HAL_RCCEx_PeriphCLKConfig  stm32h7xx_hal_rcc_ex.o
    0x08105040   0x08105040   0x00000320   Code   RO         1848    i.HAL_RCC_ClockConfig  stm32h7xx_hal_rcc.o
    0x08105360   0x08105360   0x0000006c   Code   RO         1852    i.HAL_RCC_GetClockConfig  stm32h7xx_hal_rcc.o
    0x081053cc   0x081053cc   0x0000004c   Code   RO         1853    i.HAL_RCC_GetHCLKFreq  stm32h7xx_hal_rcc.o
    0x08105418   0x08105418   0x00000024   Code   RO         1855    i.HAL_RCC_GetPCLK1Freq  stm32h7xx_hal_rcc.o
    0x0810543c   0x0810543c   0x00000024   Code   RO         1856    i.HAL_RCC_GetPCLK2Freq  stm32h7xx_hal_rcc.o
    0x08105460   0x08105460   0x0000022c   Code   RO         1857    i.HAL_RCC_GetSysClockFreq  stm32h7xx_hal_rcc.o
    0x0810568c   0x0810568c   0x00000800   Code   RO         1860    i.HAL_RCC_OscConfig  stm32h7xx_hal_rcc.o
    0x08105e8c   0x08105e8c   0x00000002   Code   RO         4725    i.HAL_SPI_ErrorCallback  stm32h7xx_hal_spi.o
    0x08105e8e   0x08105e8e   0x00000002   PAD
    0x08105e90   0x08105e90   0x0000028c   Code   RO         4728    i.HAL_SPI_IRQHandler  stm32h7xx_hal_spi.o
    0x0810611c   0x0810611c   0x00000180   Code   RO         4729    i.HAL_SPI_Init      stm32h7xx_hal_spi.o
    0x0810629c   0x0810629c   0x00000180   Code   RO          579    i.HAL_SPI_MspInit   spi.o
    0x0810641c   0x0810641c   0x00000002   Code   RO         4735    i.HAL_SPI_RxCpltCallback  stm32h7xx_hal_spi.o
    0x0810641e   0x0810641e   0x000002c2   Code   RO         4737    i.HAL_SPI_Transmit  stm32h7xx_hal_spi.o
    0x081066e0   0x081066e0   0x00000002   Code   RO         4743    i.HAL_SPI_TxCpltCallback  stm32h7xx_hal_spi.o
    0x081066e2   0x081066e2   0x00000002   Code   RO         4745    i.HAL_SPI_TxRxCpltCallback  stm32h7xx_hal_spi.o
    0x081066e4   0x081066e4   0x00000002   Code   RO         5773    i.HAL_TIMEx_Break2Callback  stm32h7xx_hal_tim_ex.o
    0x081066e6   0x081066e6   0x00000002   Code   RO         5774    i.HAL_TIMEx_BreakCallback  stm32h7xx_hal_tim_ex.o
    0x081066e8   0x081066e8   0x00000002   Code   RO         5775    i.HAL_TIMEx_CommutCallback  stm32h7xx_hal_tim_ex.o
    0x081066ea   0x081066ea   0x00000002   PAD
    0x081066ec   0x081066ec   0x000000b4   Code   RO         5777    i.HAL_TIMEx_ConfigBreakDeadTime  stm32h7xx_hal_tim_ex.o
    0x081067a0   0x081067a0   0x000000cc   Code   RO         5795    i.HAL_TIMEx_MasterConfigSynchronization  stm32h7xx_hal_tim_ex.o
    0x0810686c   0x0810686c   0x0000006e   Code   RO         5048    i.HAL_TIM_Base_Init  stm32h7xx_hal_tim.o
    0x081068da   0x081068da   0x00000002   PAD
    0x081068dc   0x081068dc   0x000000ac   Code   RO          621    i.HAL_TIM_Base_MspInit  tim.o
    0x08106988   0x08106988   0x000000b4   Code   RO         5053    i.HAL_TIM_Base_Start_IT  stm32h7xx_hal_tim.o
    0x08106a3c   0x08106a3c   0x00000032   Code   RO         5054    i.HAL_TIM_Base_Stop  stm32h7xx_hal_tim.o
    0x08106a6e   0x08106a6e   0x00000002   PAD
    0x08106a70   0x08106a70   0x00000134   Code   RO         5057    i.HAL_TIM_ConfigClockSource  stm32h7xx_hal_tim.o
    0x08106ba4   0x08106ba4   0x00000002   Code   RO         5082    i.HAL_TIM_IC_CaptureCallback  stm32h7xx_hal_tim.o
    0x08106ba6   0x08106ba6   0x000001b8   Code   RO         5096    i.HAL_TIM_IRQHandler  stm32h7xx_hal_tim.o
    0x08106d5e   0x08106d5e   0x00000002   PAD
    0x08106d60   0x08106d60   0x00000060   Code   RO          622    i.HAL_TIM_MspPostInit  tim.o
    0x08106dc0   0x08106dc0   0x00000002   Code   RO         5099    i.HAL_TIM_OC_DelayElapsedCallback  stm32h7xx_hal_tim.o
    0x08106dc2   0x08106dc2   0x00000170   Code   RO         5120    i.HAL_TIM_PWM_ConfigChannel  stm32h7xx_hal_tim.o
    0x08106f32   0x08106f32   0x0000006e   Code   RO         5123    i.HAL_TIM_PWM_Init  stm32h7xx_hal_tim.o
    0x08106fa0   0x08106fa0   0x00000002   Code   RO         5125    i.HAL_TIM_PWM_MspInit  stm32h7xx_hal_tim.o
    0x08106fa2   0x08106fa2   0x00000002   Code   RO         5126    i.HAL_TIM_PWM_PulseFinishedCallback  stm32h7xx_hal_tim.o
    0x08106fa4   0x08106fa4   0x00000164   Code   RO         5128    i.HAL_TIM_PWM_Start  stm32h7xx_hal_tim.o
    0x08107108   0x08107108   0x00000054   Code   RO           14    i.HAL_TIM_PeriodElapsedCallback  main.o
    0x0810715c   0x0810715c   0x00000002   Code   RO         5139    i.HAL_TIM_TriggerCallback  stm32h7xx_hal_tim.o
    0x0810715e   0x0810715e   0x0000004e   Code   RO         6489    i.HAL_UARTEx_DisableFifoMode  stm32h7xx_hal_uart_ex.o
    0x081071ac   0x081071ac   0x00000002   Code   RO         6073    i.HAL_UARTEx_RxEventCallback  stm32h7xx_hal_uart.o
    0x081071ae   0x081071ae   0x00000002   Code   RO         6496    i.HAL_UARTEx_RxFifoFullCallback  stm32h7xx_hal_uart_ex.o
    0x081071b0   0x081071b0   0x0000005e   Code   RO         6497    i.HAL_UARTEx_SetRxFifoThreshold  stm32h7xx_hal_uart_ex.o
    0x0810720e   0x0810720e   0x0000005e   Code   RO         6498    i.HAL_UARTEx_SetTxFifoThreshold  stm32h7xx_hal_uart_ex.o
    0x0810726c   0x0810726c   0x00000002   Code   RO         6500    i.HAL_UARTEx_TxFifoEmptyCallback  stm32h7xx_hal_uart_ex.o
    0x0810726e   0x0810726e   0x00000002   Code   RO         6501    i.HAL_UARTEx_WakeupCallback  stm32h7xx_hal_uart_ex.o
    0x08107270   0x08107270   0x00000002   Code   RO         6089    i.HAL_UART_ErrorCallback  stm32h7xx_hal_uart.o
    0x08107272   0x08107272   0x00000002   PAD
    0x08107274   0x08107274   0x00000458   Code   RO         6092    i.HAL_UART_IRQHandler  stm32h7xx_hal_uart.o
    0x081076cc   0x081076cc   0x00000078   Code   RO         6093    i.HAL_UART_Init     stm32h7xx_hal_uart.o
    0x08107744   0x08107744   0x0000015c   Code   RO          681    i.HAL_UART_MspInit  usart.o
    0x081078a0   0x081078a0   0x00000074   Code   RO         6097    i.HAL_UART_Receive_DMA  stm32h7xx_hal_uart.o
    0x08107914   0x08107914   0x0000000c   Code   RO         1502    i.HAL_UART_RxCpltCallback  dev_uart.o
    0x08107920   0x08107920   0x0000000c   Code   RO         1503    i.HAL_UART_RxHalfCpltCallback  dev_uart.o
    0x0810792c   0x0810792c   0x000000cc   Code   RO         6103    i.HAL_UART_Transmit_DMA  stm32h7xx_hal_uart.o
    0x081079f8   0x081079f8   0x0000000c   Code   RO         1504    i.HAL_UART_TxCpltCallback  dev_uart.o
    0x08107a04   0x08107a04   0x00000002   Code   RO         6106    i.HAL_UART_TxHalfCpltCallback  stm32h7xx_hal_uart.o
    0x08107a06   0x08107a06   0x00000004   Code   RO          772    i.HardFault_Handler  stm32h7xx_it.o
    0x08107a0a   0x08107a0a   0x00000002   PAD
    0x08107a0c   0x08107a0c   0x00000038   Code   RO         1039    i.KEY_Task          key_task.o
    0x08107a44   0x08107a44   0x00000040   Code   RO          954    i.LCD_Task          lcd_task.o
    0x08107a84   0x08107a84   0x000001f8   Code   RO          955    i.LCD_Task_Display  lcd_task.o
    0x08107c7c   0x08107c7c   0x00000010   Code   RO          773    i.MDMA_IRQHandler   stm32h7xx_it.o
    0x08107c8c   0x08107c8c   0x000000c4   Code   RO         2765    i.MDMA_Init         stm32h7xx_hal_mdma.o
    0x08107d50   0x08107d50   0x00000054   Code   RO          435    i.MX_DMA_Init       dma.o
    0x08107da4   0x08107da4   0x00000098   Code   RO          463    i.MX_FMC_Init       fmc.o
    0x08107e3c   0x08107e3c   0x000000a8   Code   RO          317    i.MX_FREERTOS_Init  freertos.o
    0x08107ee4   0x08107ee4   0x00000140   Code   RO          293    i.MX_GPIO_Init      gpio.o
    0x08108024   0x08108024   0x00000034   Code   RO          512    i.MX_MDMA_Init      mdma.o
    0x08108058   0x08108058   0x0000003c   Code   RO          538    i.MX_QUADSPI_Init   quadspi.o
    0x08108094   0x08108094   0x00000060   Code   RO          580    i.MX_SPI1_Init      spi.o
    0x081080f4   0x081080f4   0x00000034   Code   RO          623    i.MX_TIM13_Init     tim.o
    0x08108128   0x08108128   0x00000034   Code   RO          624    i.MX_TIM14_Init     tim.o
    0x0810815c   0x0810815c   0x000000e8   Code   RO          625    i.MX_TIM1_Init      tim.o
    0x08108244   0x08108244   0x00000070   Code   RO          682    i.MX_USART1_UART_Init  usart.o
    0x081082b4   0x081082b4   0x0000003c   Code   RO          727    i.MX_USB_OTG_FS_PCD_Init  usb_otg.o
    0x081082f0   0x081082f0   0x00000004   Code   RO          774    i.MemManage_Handler  stm32h7xx_it.o
    0x081082f4   0x081082f4   0x00000004   Code   RO          775    i.NMI_Handler       stm32h7xx_it.o
    0x081082f8   0x081082f8   0x00000010   Code   RO          776    i.OTG_FS_IRQHandler  stm32h7xx_it.o
    0x08108308   0x08108308   0x00000064   Code   RO         6640    i.PCD_EP_OutSetupPacket_int  stm32h7xx_hal_pcd.o
    0x0810836c   0x0810836c   0x00000144   Code   RO         6641    i.PCD_EP_OutXfrComplete_int  stm32h7xx_hal_pcd.o
    0x081084b0   0x081084b0   0x000000b6   Code   RO         6642    i.PCD_WriteEmptyTxFifo  stm32h7xx_hal_pcd.o
    0x08108566   0x08108566   0x00000042   Code   RO         4511    i.QSPI_DMAAbortCplt  stm32h7xx_hal_qspi.o
    0x081085a8   0x081085a8   0x0000004c   Code   RO         4515    i.QSPI_WaitFlagStateUntilTimeout  stm32h7xx_hal_qspi.o
    0x081085f4   0x081085f4   0x00000010   Code   RO          777    i.QUADSPI_IRQHandler  stm32h7xx_it.o
    0x08108604   0x08108604   0x00000164   Code   RO         1975    i.RCCEx_PLL2_Config  stm32h7xx_hal_rcc_ex.o
    0x08108768   0x08108768   0x00000164   Code   RO         1976    i.RCCEx_PLL3_Config  stm32h7xx_hal_rcc_ex.o
    0x081088cc   0x081088cc   0x00000010   Code   RO          778    i.SPI1_IRQHandler   stm32h7xx_it.o
    0x081088dc   0x081088dc   0x000000d6   Code   RO         4748    i.SPI_CloseTransfer  stm32h7xx_hal_spi.o
    0x081089b2   0x081089b2   0x0000001c   Code   RO         4749    i.SPI_DMAAbortOnError  stm32h7xx_hal_spi.o
    0x081089ce   0x081089ce   0x0000001a   Code   RO         4759    i.SPI_GetPacketSize  stm32h7xx_hal_spi.o
    0x081089e8   0x081089e8   0x00000022   Code   RO         1072    i.SPI_Transmit      bsp_st7735s.o
    0x08108a0a   0x08108a0a   0x00000002   PAD
    0x08108a0c   0x08108a0c   0x00000024   Code   RO         1073    i.SPI_TransmitCmd   bsp_st7735s.o
    0x08108a30   0x08108a30   0x00000024   Code   RO         1074    i.SPI_TransmitData  bsp_st7735s.o
    0x08108a54   0x08108a54   0x00000040   Code   RO         4766    i.SPI_WaitOnFlagUntilTimeout  stm32h7xx_hal_spi.o
    0x08108a94   0x08108a94   0x000000f4   Code   RO         1340    i.ST7735S_Init      st7735s.o
    0x08108b88   0x08108b88   0x00000044   Code   RO         1341    i.ST7735S_Pixel     st7735s.o
    0x08108bcc   0x08108bcc   0x00000044   Code   RO         1342    i.ST7735S_bgPixel   st7735s.o
    0x08108c10   0x08108c10   0x00000118   Code   RO         1344    i.ST7735S_flush     st7735s.o
    0x08108d28   0x08108d28   0x00000018   Code   RO          318    i.StartDefaultTask  freertos.o
    0x08108d40   0x08108d40   0x0000000c   Code   RO          319    i.Start_KEY_Task    freertos.o
    0x08108d4c   0x08108d4c   0x0000000c   Code   RO          320    i.Start_LCD_Task    freertos.o
    0x08108d58   0x08108d58   0x0000000c   Code   RO          321    i.Start_Usart_Task  freertos.o
    0x08108d64   0x08108d64   0x00000034   Code   RO         8760    i.SysTick_Handler   port.o
    0x08108d98   0x08108d98   0x000000e4   Code   RO           15    i.SystemClock_Config  main.o
    0x08108e7c   0x08108e7c   0x000000fc   Code   RO         7227    i.SystemInit        system_stm32h7xx.o
    0x08108f78   0x08108f78   0x00000010   Code   RO          779    i.TIM17_IRQHandler  stm32h7xx_it.o
    0x08108f88   0x08108f88   0x00000010   Code   RO          780    i.TIM8_TRG_COM_TIM14_IRQHandler  stm32h7xx_it.o
    0x08108f98   0x08108f98   0x00000010   Code   RO          781    i.TIM8_UP_TIM13_IRQHandler  stm32h7xx_it.o
    0x08108fa8   0x08108fa8   0x000000cc   Code   RO         5141    i.TIM_Base_SetConfig  stm32h7xx_hal_tim.o
    0x08109074   0x08109074   0x00000022   Code   RO         5142    i.TIM_CCxChannelCmd  stm32h7xx_hal_tim.o
    0x08109096   0x08109096   0x00000016   Code   RO         5152    i.TIM_ETR_SetConfig  stm32h7xx_hal_tim.o
    0x081090ac   0x081090ac   0x00000018   Code   RO         5153    i.TIM_ITRx_SetConfig  stm32h7xx_hal_tim.o
    0x081090c4   0x081090c4   0x000000ac   Code   RO         5154    i.TIM_OC1_SetConfig  stm32h7xx_hal_tim.o
    0x08109170   0x08109170   0x000000b4   Code   RO         5155    i.TIM_OC2_SetConfig  stm32h7xx_hal_tim.o
    0x08109224   0x08109224   0x000000b4   Code   RO         5156    i.TIM_OC3_SetConfig  stm32h7xx_hal_tim.o
    0x081092d8   0x081092d8   0x00000074   Code   RO         5157    i.TIM_OC4_SetConfig  stm32h7xx_hal_tim.o
    0x0810934c   0x0810934c   0x00000070   Code   RO         5158    i.TIM_OC5_SetConfig  stm32h7xx_hal_tim.o
    0x081093bc   0x081093bc   0x00000070   Code   RO         5159    i.TIM_OC6_SetConfig  stm32h7xx_hal_tim.o
    0x0810942c   0x0810942c   0x00000026   Code   RO         5161    i.TIM_TI1_ConfigInputStage  stm32h7xx_hal_tim.o
    0x08109452   0x08109452   0x00000028   Code   RO         5163    i.TIM_TI2_ConfigInputStage  stm32h7xx_hal_tim.o
    0x0810947a   0x0810947a   0x00000002   PAD
    0x0810947c   0x0810947c   0x00000044   Code   RO          956    i.Task_CPU_Handle   lcd_task.o
    0x081094c0   0x081094c0   0x00000040   Code   RO          957    i.Task_Current_Handle  lcd_task.o
    0x08109500   0x08109500   0x0000002c   Code   RO          958    i.Task_Name_Handle  lcd_task.o
    0x0810952c   0x0810952c   0x00000058   Code   RO         6502    i.UARTEx_SetNbDataToProcess  stm32h7xx_hal_uart_ex.o
    0x08109584   0x08109584   0x000000f8   Code   RO         6107    i.UART_AdvFeatureConfig  stm32h7xx_hal_uart.o
    0x0810967c   0x0810967c   0x00000076   Code   RO         6108    i.UART_CheckIdleState  stm32h7xx_hal_uart.o
    0x081096f2   0x081096f2   0x00000018   Code   RO         6109    i.UART_DMAAbortOnError  stm32h7xx_hal_uart.o
    0x0810970a   0x0810970a   0x0000005e   Code   RO         6110    i.UART_DMAError     stm32h7xx_hal_uart.o
    0x08109768   0x08109768   0x000000aa   Code   RO         6111    i.UART_DMAReceiveCplt  stm32h7xx_hal_uart.o
    0x08109812   0x08109812   0x00000022   Code   RO         6113    i.UART_DMARxHalfCplt  stm32h7xx_hal_uart.o
    0x08109834   0x08109834   0x00000054   Code   RO         6115    i.UART_DMATransmitCplt  stm32h7xx_hal_uart.o
    0x08109888   0x08109888   0x0000000e   Code   RO         6117    i.UART_DMATxHalfCplt  stm32h7xx_hal_uart.o
    0x08109896   0x08109896   0x00000002   PAD
    0x08109898   0x08109898   0x0000006c   Code   RO         6119    i.UART_EndRxTransfer  stm32h7xx_hal_uart.o
    0x08109904   0x08109904   0x00000030   Code   RO         6120    i.UART_EndTransmit_IT  stm32h7xx_hal_uart.o
    0x08109934   0x08109934   0x00000040   Code   RO         6121    i.UART_EndTxTransfer  stm32h7xx_hal_uart.o
    0x08109974   0x08109974   0x0000058c   Code   RO         6126    i.UART_SetConfig    stm32h7xx_hal_uart.o
    0x08109f00   0x08109f00   0x000000d4   Code   RO         6127    i.UART_Start_Receive_DMA  stm32h7xx_hal_uart.o
    0x08109fd4   0x08109fd4   0x000000fe   Code   RO         6133    i.UART_WaitOnFlagUntilTimeout  stm32h7xx_hal_uart.o
    0x0810a0d2   0x0810a0d2   0x00000002   PAD
    0x0810a0d4   0x0810a0d4   0x00000014   Code   RO          782    i.USART1_IRQHandler  stm32h7xx_it.o
    0x0810a0e8   0x0810a0e8   0x00000028   Code   RO         6918    i.USB_ActivateSetup  stm32h7xx_ll_usb.o
    0x0810a110   0x0810a110   0x00000098   Code   RO         6920    i.USB_CoreInit      stm32h7xx_ll_usb.o
    0x0810a1a8   0x0810a1a8   0x00000058   Code   RO         6921    i.USB_CoreReset     stm32h7xx_ll_usb.o
    0x0810a200   0x0810a200   0x00000024   Code   RO         6926    i.USB_DevDisconnect  stm32h7xx_ll_usb.o
    0x0810a224   0x0810a224   0x000001d8   Code   RO         6927    i.USB_DevInit       stm32h7xx_ll_usb.o
    0x0810a3fc   0x0810a3fc   0x0000000e   Code   RO         6928    i.USB_DisableGlobalInt  stm32h7xx_ll_usb.o
    0x0810a40a   0x0810a40a   0x00000002   PAD
    0x0810a40c   0x0810a40c   0x00000070   Code   RO         6932    i.USB_EP0_OutStart  stm32h7xx_ll_usb.o
    0x0810a47c   0x0810a47c   0x000000ec   Code   RO         6936    i.USB_EPStopXfer    stm32h7xx_ll_usb.o
    0x0810a568   0x0810a568   0x00000054   Code   RO         6938    i.USB_FlushRxFifo   stm32h7xx_ll_usb.o
    0x0810a5bc   0x0810a5bc   0x00000058   Code   RO         6939    i.USB_FlushTxFifo   stm32h7xx_ll_usb.o
    0x0810a614   0x0810a614   0x00000026   Code   RO         6941    i.USB_GetDevSpeed   stm32h7xx_ll_usb.o
    0x0810a63a   0x0810a63a   0x0000000a   Code   RO         6943    i.USB_GetMode       stm32h7xx_ll_usb.o
    0x0810a644   0x0810a644   0x00000014   Code   RO         6950    i.USB_ReadDevAllInEpInterrupt  stm32h7xx_ll_usb.o
    0x0810a658   0x0810a658   0x00000014   Code   RO         6951    i.USB_ReadDevAllOutEpInterrupt  stm32h7xx_ll_usb.o
    0x0810a66c   0x0810a66c   0x00000032   Code   RO         6952    i.USB_ReadDevInEPInterrupt  stm32h7xx_ll_usb.o
    0x0810a69e   0x0810a69e   0x0000001a   Code   RO         6953    i.USB_ReadDevOutEPInterrupt  stm32h7xx_ll_usb.o
    0x0810a6b8   0x0810a6b8   0x0000000a   Code   RO         6954    i.USB_ReadInterrupts  stm32h7xx_ll_usb.o
    0x0810a6c2   0x0810a6c2   0x00000060   Code   RO         6955    i.USB_ReadPacket    stm32h7xx_ll_usb.o
    0x0810a722   0x0810a722   0x00000068   Code   RO         6957    i.USB_SetCurrentMode  stm32h7xx_ll_usb.o
    0x0810a78a   0x0810a78a   0x00000012   Code   RO         6959    i.USB_SetDevSpeed   stm32h7xx_ll_usb.o
    0x0810a79c   0x0810a79c   0x000000e8   Code   RO         6960    i.USB_SetTurnaroundTime  stm32h7xx_ll_usb.o
    0x0810a884   0x0810a884   0x00000044   Code   RO         6963    i.USB_WritePacket   stm32h7xx_ll_usb.o
    0x0810a8c8   0x0810a8c8   0x00000084   Code   RO         1505    i.Uart_Device_init  dev_uart.o
    0x0810a94c   0x0810a94c   0x00000004   Code   RO          783    i.UsageFault_Handler  stm32h7xx_it.o
    0x0810a950   0x0810a950   0x0000008c   Code   RO         1007    i.Usart_Task        uart_task.o
    0x0810a9dc   0x0810a9dc   0x00000020   Code   RO         1508    i.User_UART_Get_TX_Buff_Occupy  dev_uart.o
    0x0810a9fc   0x0810a9fc   0x00000128   Code   RO         1509    i.User_UART_IDLE_Callback  dev_uart.o
    0x0810ab24   0x0810ab24   0x00000028   Code   RO         1510    i.User_UART_IRQHandler  dev_uart.o
    0x0810ab4c   0x0810ab4c   0x0000001e   Code   RO         1511    i.User_UART_Init    dev_uart.o
    0x0810ab6a   0x0810ab6a   0x00000002   PAD
    0x0810ab6c   0x0810ab6c   0x00000048   Code   RO         1512    i.User_UART_Poll_DMA_TX  dev_uart.o
    0x0810abb4   0x0810abb4   0x00000028   Code   RO         1513    i.User_UART_Read    dev_uart.o
    0x0810abdc   0x0810abdc   0x00000044   Code   RO         1514    i.User_UART_RxCplt_Callback  dev_uart.o
    0x0810ac20   0x0810ac20   0x0000011c   Code   RO         1515    i.User_UART_RxHalfCplt_Callback  dev_uart.o
    0x0810ad3c   0x0810ad3c   0x00000018   Code   RO         1516    i.User_UART_TX_Cplt_Callback  dev_uart.o
    0x0810ad54   0x0810ad54   0x00000028   Code   RO         1517    i.User_UART_Write   dev_uart.o
    0x0810ad7c   0x0810ad7c   0x0000000c   Code   RO         1075    i._Delay            bsp_st7735s.o
    0x0810ad88   0x0810ad88   0x0000006c   Code   RO         1141    i._LineHigh         gfx.o
    0x0810adf4   0x0810adf4   0x0000006e   Code   RO         1142    i._LineLow          gfx.o
    0x0810ae62   0x0810ae62   0x00000002   PAD
    0x0810ae64   0x0810ae64   0x00000028   Code   RO         9014    i.__0sprintf$6      mc_w.l(printf6.o)
    0x0810ae8c   0x0810ae8c   0x00000010   Code   RO         1720    i.__NVIC_GetPriorityGrouping  stm32h7xx_hal_cortex.o
    0x0810ae9c   0x0810ae9c   0x00000028   Code   RO         1721    i.__NVIC_SetPriority  stm32h7xx_hal_cortex.o
    0x0810aec4   0x0810aec4   0x0000000e   Code   RO         9164    i.__scatterload_copy  mc_w.l(handlers.o)
    0x0810aed2   0x0810aed2   0x00000002   Code   RO         9165    i.__scatterload_null  mc_w.l(handlers.o)
    0x0810aed4   0x0810aed4   0x0000000e   Code   RO         9166    i.__scatterload_zeroinit  mc_w.l(handlers.o)
    0x0810aee2   0x0810aee2   0x00000002   PAD
    0x0810aee4   0x0810aee4   0x000000b4   Code   RO         1143    i._lookupGlyph      gfx.o
    0x0810af98   0x0810af98   0x000002f0   Code   RO         9019    i._printf_core      mc_w.l(printf6.o)
    0x0810b288   0x0810b288   0x00000024   Code   RO         9020    i._printf_post_padding  mc_w.l(printf6.o)
    0x0810b2ac   0x0810b2ac   0x0000002e   Code   RO         9021    i._printf_pre_padding  mc_w.l(printf6.o)
    0x0810b2da   0x0810b2da   0x0000000a   Code   RO         9023    i._sputc            mc_w.l(printf6.o)
    0x0810b2e4   0x0810b2e4   0x0000000c   Code   RO          322    i.configureTimerForRunTimeStats  freertos.o
    0x0810b2f0   0x0810b2f0   0x00000098   Code   RO         1146    i.drawGlyph         gfx.o
    0x0810b388   0x0810b388   0x00000070   Code   RO         1147    i.drawLine          gfx.o
    0x0810b3f8   0x0810b3f8   0x0000002c   Code   RO         1150    i.drawText          gfx.o
    0x0810b424   0x0810b424   0x00000094   Code   RO         7785    i.eTaskGetState     tasks.o
    0x0810b4b8   0x0810b4b8   0x00000018   Code   RO         1641    i.fifo_get_free_size  fifo.o
    0x0810b4d0   0x0810b4d0   0x0000000c   Code   RO         1642    i.fifo_get_occupy_size  fifo.o
    0x0810b4dc   0x0810b4dc   0x00000020   Code   RO         1518    i.fifo_lock         dev_uart.o
    0x0810b4fc   0x0810b4fc   0x00000074   Code   RO         1644    i.fifo_read         fifo.o
    0x0810b570   0x0810b570   0x0000001a   Code   RO         1645    i.fifo_register     fifo.o
    0x0810b58a   0x0810b58a   0x00000002   PAD
    0x0810b58c   0x0810b58c   0x00000010   Code   RO         1519    i.fifo_unlock       dev_uart.o
    0x0810b59c   0x0810b59c   0x00000074   Code   RO         1647    i.fifo_write        fifo.o
    0x0810b610   0x0810b610   0x00000020   Code   RO         1151    i.fillScreen        gfx.o
    0x0810b630   0x0810b630   0x000000c8   Code   RO         1153    i.filledRect        gfx.o
    0x0810b6f8   0x0810b6f8   0x00000008   Code   RO         1154    i.flushBuffer       gfx.o
    0x0810b700   0x0810b700   0x0000000c   Code   RO          323    i.getRunTimeCounterValue  freertos.o
    0x0810b70c   0x0810b70c   0x00000010   Code   RO         8344    i.inHandlerMode     cmsis_os.o
    0x0810b71c   0x0810b71c   0x00000064   Code   RO           16    i.main              main.o
    0x0810b780   0x0810b780   0x0000000e   Code   RO         8346    i.makeFreeRtosPriority  cmsis_os.o
    0x0810b78e   0x0810b78e   0x00000018   Code   RO         8348    i.osDelay           cmsis_os.o
    0x0810b7a6   0x0810b7a6   0x0000000a   Code   RO         8351    i.osKernelStart     cmsis_os.o
    0x0810b7b0   0x0810b7b0   0x0000004a   Code   RO         8377    i.osSemaphoreCreate  cmsis_os.o
    0x0810b7fa   0x0810b7fa   0x00000002   PAD
    0x0810b7fc   0x0810b7fc   0x00000050   Code   RO         8380    i.osSemaphoreRelease  cmsis_os.o
    0x0810b84c   0x0810b84c   0x00000068   Code   RO         8381    i.osSemaphoreWait   cmsis_os.o
    0x0810b8b4   0x0810b8b4   0x0000005e   Code   RO         8385    i.osThreadCreate    cmsis_os.o
    0x0810b912   0x0810b912   0x00000002   PAD
    0x0810b914   0x0810b914   0x00000098   Code   RO         7787    i.prvAddCurrentTaskToDelayedList  tasks.o
    0x0810b9ac   0x0810b9ac   0x000000b8   Code   RO         7788    i.prvAddNewTaskToReadyList  tasks.o
    0x0810ba64   0x0810ba64   0x00000074   Code   RO         8178    i.prvCheckForValidListAndQueue  timers.o
    0x0810bad8   0x0810bad8   0x00000048   Code   RO         7789    i.prvCheckTasksWaitingTermination  tasks.o
    0x0810bb20   0x0810bb20   0x0000002a   Code   RO         7416    i.prvCopyDataFromQueue  queue.o
    0x0810bb4a   0x0810bb4a   0x0000007e   Code   RO         7417    i.prvCopyDataToQueue  queue.o
    0x0810bbc8   0x0810bbc8   0x00000050   Code   RO         7790    i.prvDeleteTCB      tasks.o
    0x0810bc18   0x0810bc18   0x00000014   Code   RO         7418    i.prvGetDisinheritPriorityAfterTimeout  queue.o
    0x0810bc2c   0x0810bc2c   0x00000028   Code   RO         8179    i.prvGetNextExpireTime  timers.o
    0x0810bc54   0x0810bc54   0x0000007c   Code   RO         8704    i.prvHeapInit       heap_4.o
    0x0810bcd0   0x0810bcd0   0x00000028   Code   RO         7791    i.prvIdleTask       tasks.o
    0x0810bcf8   0x0810bcf8   0x0000002a   Code   RO         7420    i.prvInitialiseNewQueue  queue.o
    0x0810bd22   0x0810bd22   0x000000c0   Code   RO         7792    i.prvInitialiseNewTask  tasks.o
    0x0810bde2   0x0810bde2   0x00000002   PAD
    0x0810bde4   0x0810bde4   0x00000068   Code   RO         7793    i.prvInitialiseTaskLists  tasks.o
    0x0810be4c   0x0810be4c   0x00000068   Code   RO         8705    i.prvInsertBlockIntoFreeList  heap_4.o
    0x0810beb4   0x0810beb4   0x00000058   Code   RO         8181    i.prvInsertTimerInActiveList  timers.o
    0x0810bf0c   0x0810bf0c   0x0000001a   Code   RO         7421    i.prvIsQueueEmpty   queue.o
    0x0810bf26   0x0810bf26   0x0000001e   Code   RO         7422    i.prvIsQueueFull    queue.o
    0x0810bf44   0x0810bf44   0x0000006a   Code   RO         7794    i.prvListTasksWithinSingleList  tasks.o
    0x0810bfae   0x0810bfae   0x00000002   PAD
    0x0810bfb0   0x0810bfb0   0x00000074   Code   RO         8182    i.prvProcessExpiredTimer  timers.o
    0x0810c024   0x0810c024   0x00000138   Code   RO         8183    i.prvProcessReceivedCommands  timers.o
    0x0810c15c   0x0810c15c   0x00000074   Code   RO         8184    i.prvProcessTimerOrBlockTask  timers.o
    0x0810c1d0   0x0810c1d0   0x00000034   Code   RO         7795    i.prvResetNextTaskUnblockTime  tasks.o
    0x0810c204   0x0810c204   0x0000002c   Code   RO         8185    i.prvSampleTimeNow  timers.o
    0x0810c230   0x0810c230   0x000000a4   Code   RO         8186    i.prvSwitchTimerLists  timers.o
    0x0810c2d4   0x0810c2d4   0x00000016   Code   RO         7796    i.prvTaskCheckFreeStackSpace  tasks.o
    0x0810c2ea   0x0810c2ea   0x00000002   PAD
    0x0810c2ec   0x0810c2ec   0x00000040   Code   RO         8761    i.prvTaskExitError  port.o
    0x0810c32c   0x0810c32c   0x0000001a   Code   RO         8187    i.prvTimerTask      timers.o
    0x0810c346   0x0810c346   0x0000007e   Code   RO         7423    i.prvUnlockQueue    queue.o
    0x0810c3c4   0x0810c3c4   0x0000014c   Code   RO         8706    i.pvPortMalloc      heap_4.o
    0x0810c510   0x0810c510   0x00000020   Code   RO         7799    i.pvTaskIncrementMutexHeldCount  tasks.o
    0x0810c530   0x0810c530   0x0000002c   Code   RO         8762    i.pxPortInitialiseStack  port.o
    0x0810c55c   0x0810c55c   0x0000003c   Code   RO         1352    i.resetWindow       st7735s.o
    0x0810c598   0x0810c598   0x00000030   Code   RO         1157    i.setColor          gfx.o
    0x0810c5c8   0x0810c5c8   0x00000018   Code   RO         1159    i.setColorC         gfx.o
    0x0810c5e0   0x0810c5e0   0x00000034   Code   RO         1160    i.setFont           gfx.o
    0x0810c614   0x0810c614   0x000000c0   Code   RO         1353    i.setOrientation    st7735s.o
    0x0810c6d4   0x0810c6d4   0x00000030   Code   RO         1163    i.setbgColor        gfx.o
    0x0810c704   0x0810c704   0x00000018   Code   RO         1165    i.setbgColorC       gfx.o
    0x0810c71c   0x0810c71c   0x0000005c   Code   RO         1354    i.updateWindow      st7735s.o
    0x0810c778   0x0810c778   0x00000028   Code   RO         7376    i.uxListRemove      list.o
    0x0810c7a0   0x0810c7a0   0x0000000c   Code   RO         7802    i.uxTaskGetNumberOfTasks  tasks.o
    0x0810c7ac   0x0810c7ac   0x000000b4   Code   RO         7803    i.uxTaskGetSystemState  tasks.o
    0x0810c860   0x0810c860   0x00000018   Code   RO          324    i.vApplicationGetIdleTaskMemory  freertos.o
    0x0810c878   0x0810c878   0x00000018   Code   RO          325    i.vApplicationGetTimerTaskMemory  freertos.o
    0x0810c890   0x0810c890   0x00000058   Code   RO          326    i.vApplicationStackOverflowHook  freertos.o
    0x0810c8e8   0x0810c8e8   0x0000001a   Code   RO         7377    i.vListInitialise   list.o
    0x0810c902   0x0810c902   0x00000006   Code   RO         7378    i.vListInitialiseItem  list.o
    0x0810c908   0x0810c908   0x00000034   Code   RO         7379    i.vListInsert       list.o
    0x0810c93c   0x0810c93c   0x00000018   Code   RO         7380    i.vListInsertEnd    list.o
    0x0810c954   0x0810c954   0x00000054   Code   RO         8764    i.vPortEnterCritical  port.o
    0x0810c9a8   0x0810c9a8   0x0000003c   Code   RO         8765    i.vPortExitCritical  port.o
    0x0810c9e4   0x0810c9e4   0x000000a4   Code   RO         8707    i.vPortFree         heap_4.o
    0x0810ca88   0x0810ca88   0x00000028   Code   RO         8766    i.vPortSetupTimerInterrupt  port.o
    0x0810cab0   0x0810cab0   0x00000078   Code   RO         8767    i.vPortValidateInterruptPriority  port.o
    0x0810cb28   0x0810cb28   0x0000002c   Code   RO         7429    i.vQueueAddToRegistry  queue.o
    0x0810cb54   0x0810cb54   0x0000004a   Code   RO         7433    i.vQueueWaitForMessageRestricted  queue.o
    0x0810cb9e   0x0810cb9e   0x00000002   PAD
    0x0810cba0   0x0810cba0   0x0000005c   Code   RO         7808    i.vTaskDelay        tasks.o
    0x0810cbfc   0x0810cbfc   0x00000084   Code   RO         7812    i.vTaskGetInfo      tasks.o
    0x0810cc80   0x0810cc80   0x00000018   Code   RO         7814    i.vTaskInternalSetTimeOutState  tasks.o
    0x0810cc98   0x0810cc98   0x0000000c   Code   RO         7816    i.vTaskMissedYield  tasks.o
    0x0810cca4   0x0810cca4   0x00000038   Code   RO         7818    i.vTaskPlaceOnEventList  tasks.o
    0x0810ccdc   0x0810ccdc   0x00000040   Code   RO         7819    i.vTaskPlaceOnEventListRestricted  tasks.o
    0x0810cd1c   0x0810cd1c   0x000000e4   Code   RO         7821    i.vTaskPriorityDisinheritAfterTimeout  tasks.o
    0x0810ce00   0x0810ce00   0x000000bc   Code   RO         7827    i.vTaskStartScheduler  tasks.o
    0x0810cebc   0x0810cebc   0x00000010   Code   RO         7829    i.vTaskSuspendAll   tasks.o
    0x0810cecc   0x0810cecc   0x000000e4   Code   RO         7830    i.vTaskSwitchContext  tasks.o
    0x0810cfb0   0x0810cfb0   0x00000168   Code   RO         8768    i.xPortStartScheduler  port.o
    0x0810d118   0x0810d118   0x0000005a   Code   RO         7436    i.xQueueGenericCreate  queue.o
    0x0810d172   0x0810d172   0x000000e0   Code   RO         7437    i.xQueueGenericCreateStatic  queue.o
    0x0810d252   0x0810d252   0x00000002   PAD
    0x0810d254   0x0810d254   0x00000098   Code   RO         7438    i.xQueueGenericReset  queue.o
    0x0810d2ec   0x0810d2ec   0x000001a8   Code   RO         7439    i.xQueueGenericSend  queue.o
    0x0810d494   0x0810d494   0x000000fc   Code   RO         7440    i.xQueueGenericSendFromISR  queue.o
    0x0810d590   0x0810d590   0x000000e0   Code   RO         7441    i.xQueueGiveFromISR  queue.o
    0x0810d670   0x0810d670   0x00000168   Code   RO         7446    i.xQueueReceive     queue.o
    0x0810d7d8   0x0810d7d8   0x000000ca   Code   RO         7447    i.xQueueReceiveFromISR  queue.o
    0x0810d8a2   0x0810d8a2   0x00000002   PAD
    0x0810d8a4   0x0810d8a4   0x000001b8   Code   RO         7448    i.xQueueSemaphoreTake  queue.o
    0x0810da5c   0x0810da5c   0x0000008c   Code   RO         7832    i.xTaskCheckForTimeOut  tasks.o
    0x0810dae8   0x0810dae8   0x00000064   Code   RO         7833    i.xTaskCreate       tasks.o
    0x0810db4c   0x0810db4c   0x000000ba   Code   RO         7834    i.xTaskCreateStatic  tasks.o
    0x0810dc06   0x0810dc06   0x00000002   PAD
    0x0810dc08   0x0810dc08   0x00000020   Code   RO         7838    i.xTaskGetSchedulerState  tasks.o
    0x0810dc28   0x0810dc28   0x0000000c   Code   RO         7839    i.xTaskGetTickCount  tasks.o
    0x0810dc34   0x0810dc34   0x00000148   Code   RO         7841    i.xTaskIncrementTick  tasks.o
    0x0810dd7c   0x0810dd7c   0x000000c8   Code   RO         7844    i.xTaskPriorityDisinherit  tasks.o
    0x0810de44   0x0810de44   0x000000b8   Code   RO         7845    i.xTaskPriorityInherit  tasks.o
    0x0810defc   0x0810defc   0x00000098   Code   RO         7846    i.xTaskRemoveFromEventList  tasks.o
    0x0810df94   0x0810df94   0x00000104   Code   RO         7847    i.xTaskResumeAll    tasks.o
    0x0810e098   0x0810e098   0x00000078   Code   RO         8196    i.xTimerCreateTimerTask  timers.o
    0x0810e110   0x0810e110   0x00000084   Code   RO         8197    i.xTimerGenericCommand  timers.o
    0x0810e194   0x0810e194   0x000000a4   Data   RO          328    .constdata          freertos.o
    0x0810e238   0x0810e238   0x00000008   Data   RO         2576    .constdata          stm32h7xx_hal_dma.o
    0x0810e240   0x0810e240   0x00000018   Data   RO         6134    .constdata          stm32h7xx_hal_uart.o
    0x0810e258   0x0810e258   0x00000010   Data   RO         6504    .constdata          stm32h7xx_hal_uart_ex.o
    0x0810e268   0x0810e268   0x00000010   Data   RO         7228    .constdata          system_stm32h7xx.o
    0x0810e278   0x0810e278   0x00000030   Data   RO          329    .conststring        freertos.o
    0x0810e2a8   0x0810e2a8   0x00000020   Data   RO         9162    Region$$Table       anon$$obj.o


    Execution Region RW_IRAM2 (Exec base: 0x24000000, Load base: 0x0810e2c8, Size: 0x0001cbf0, Max: 0x00080000, ABSOLUTE, COMPRESSED[0x00003120])

    Exec Addr    Load Addr    Size         Type   Attr      Idx    E Section Name        Object

    0x24000000   COMPRESSED   0x00008000   Data   RW         1355    .RAM_D3             st7735s.o
    0x24008000   COMPRESSED   0x0000001c   Data   RW          330    .data               freertos.o
    0x2400801c   COMPRESSED   0x00000008   Data   RW          465    .data               fmc.o
    0x24008024   COMPRESSED   0x00000001   Data   RW          959    .data               lcd_task.o
    0x24008025   COMPRESSED   0x00000001   Data   RW         1076    .data               bsp_st7735s.o
    0x24008026   COMPRESSED   0x0000e3d0   Data   RW         1127    .data               fonts.o
    0x240163f6   COMPRESSED   0x00000002   PAD
    0x240163f8   COMPRESSED   0x00000018   Data   RW         1167    .data               gfx.o
    0x24016410   COMPRESSED   0x0000005f   Data   RW         1356    .data               st7735s.o
    0x2401646f   COMPRESSED   0x00000001   PAD
    0x24016470   COMPRESSED   0x00000004   Data   RW         1521    .data               dev_uart.o
    0x24016474   COMPRESSED   0x00000009   Data   RW         3314    .data               stm32h7xx_hal.o
    0x2401647d   COMPRESSED   0x00000003   PAD
    0x24016480   COMPRESSED   0x00000008   Data   RW         7229    .data               system_stm32h7xx.o
    0x24016488   COMPRESSED   0x00000044   Data   RW         7850    .data               tasks.o
    0x240164cc   COMPRESSED   0x00000014   Data   RW         8203    .data               timers.o
    0x240164e0   COMPRESSED   0x00000020   Data   RW         8713    .data               heap_4.o
    0x24016500   COMPRESSED   0x0000000c   Data   RW         8769    .data               port.o
    0x2401650c        -       0x000006c0   Zero   RW          327    .bss                freertos.o
    0x24016bcc        -       0x00000040   Zero   RW          464    .bss                fmc.o
    0x24016c0c        -       0x000000b8   Zero   RW          539    .bss                quadspi.o
    0x24016cc4        -       0x00000100   Zero   RW          581    .bss                spi.o
    0x24016dc4        -       0x000000e4   Zero   RW          626    .bss                tim.o
    0x24016ea8        -       0x00000180   Zero   RW          683    .bss                usart.o
    0x24017028        -       0x0000050c   Zero   RW          728    .bss                usb_otg.o
    0x24017534        -       0x0000004c   Zero   RW          918    .bss                stm32h7xx_hal_timebase_tim.o
    0x24017580        -       0x0000104c   Zero   RW         1520    .bss                dev_uart.o
    0x240185cc        -       0x00000040   Zero   RW         7449    .bss                queue.o
    0x2401860c        -       0x000000f0   Zero   RW         7849    .bss                tasks.o
    0x240186fc        -       0x000000f0   Zero   RW         8202    .bss                timers.o
    0x240187ec        -       0x00003c00   Zero   RW         8712    .bss                heap_4.o
    0x2401c3ec   COMPRESSED   0x00000004   PAD
    0x2401c3f0        -       0x00000800   Zero   RW            1    STACK               startup_stm32h743xx.o



  Load Region LR$$.ARM.__AT_0x20000000 (Base: 0x20000000, Size: 0x00000000, Max: 0x00000004, ABSOLUTE)

    Execution Region ER$$.ARM.__AT_0x20000000 (Exec base: 0x20000000, Load base: 0x20000000, Size: 0x00000004, Max: 0x00000004, ABSOLUTE, UNINIT)

    Exec Addr    Load Addr    Size         Type   Attr      Idx    E Section Name        Object

    0x20000000        -       0x00000004   Zero   RW           17    .ARM.__AT_0x20000000  main.o


==============================================================================

Image component sizes


      Code (inc. data)   RO Data    RW Data    ZI Data      Debug   Object Name

       178         28          0          1          0       3659   bsp_st7735s.o
       416          8          0          0          0      26222   cmsis_os.o
      1142        142          0          4       4172      18591   dev_uart.o
        84          4          0          0          0        962   dma.o
         0          0          0          0          0      20056   event_groups.o
       294          0          0          0          0       5337   fifo.o
       418         30          0          8         64       2730   fmc.o
         0          0          0      58320          0       1702   fonts.o
       388         96        212         28       1728      12353   freertos.o
      1142         42          0         24          0      12190   gfx.o
       320         22          0          0          0       1279   gpio.o
       724         74          0         32      15360       5175   heap_4.o
        56          8          0          0          0        531   key_task.o
       744        158          0          1          0       4185   lcd_task.o
       148          0          0          0          0       3890   list.o
       418         52          0          0          4    1370752   main.o
        52          4          0          0          0        951   mdma.o
      1014         92          0         12          0      12529   port.o
       536         42          0          0        184       2351   quadspi.o
      2898         26          0          0         64      24411   queue.o
       480         38          0          0        256       2230   spi.o
      1016        232          0      32863          0       8547   st7735s.o
        36          8        664          0       2048        868   startup_stm32h743xx.o
       184         38          0          9          0      22981   stm32h7xx_hal.o
       258         22          0          0          0      39470   stm32h7xx_hal_cortex.o
      8662        168          8          0          0      13678   stm32h7xx_hal_dma.o
       556         52          0          0          0       3712   stm32h7xx_hal_gpio.o
       940          4          0          0          0       4783   stm32h7xx_hal_mdma.o
        48          6          0          0          0        998   stm32h7xx_hal_msp.o
       100          6          0          0          0       1412   stm32h7xx_hal_nand.o
      2870         16          0          0          0      13882   stm32h7xx_hal_pcd.o
        42          4          0          0          0       1853   stm32h7xx_hal_pcd_ex.o
       116         12          0          0          0       1406   stm32h7xx_hal_pwr_ex.o
       982         14          0          0          0      10176   stm32h7xx_hal_qspi.o
      3660        118          0          0          0       7909   stm32h7xx_hal_rcc.o
      4784        110          0          0          0       7493   stm32h7xx_hal_rcc_ex.o
      2082         16          0          0          0       9640   stm32h7xx_hal_spi.o
      3166        278          0          0          0      19596   stm32h7xx_hal_tim.o
       390         38          0          0          0       4276   stm32h7xx_hal_tim_ex.o
       148         20          0          0         76       1696   stm32h7xx_hal_timebase_tim.o
      4450        178         24          0          0      38060   stm32h7xx_hal_uart.o
       360         10         16          0          0       5806   stm32h7xx_hal_uart_ex.o
       202         64          0          0          0       8870   stm32h7xx_it.o
       116          4          0          0          0       3761   stm32h7xx_ll_fmc.o
      2014         76          0          0          0      17595   stm32h7xx_ll_usb.o
       252         40         16          8          0       1518   system_stm32h7xx.o
      4010        440          0         68        240      36418   tasks.o
       604         56          0          0        228       4006   tim.o
      1274        124          0         20        240      31327   timers.o
       140         14          0          0          0        785   uart_task.o
       460         32          0          0        384       2304   usart.o
       264         20          0          0       1292       2069   usb_otg.o

    ----------------------------------------------------------------------
     55692       3086        972      91404      26344    1858981   Object Totals
         0          0         32          0          0          0   (incl. Generated)
        54          0          0          6          4          0   (incl. Padding)

    ----------------------------------------------------------------------

      Code (inc. data)   RO Data    RW Data    ZI Data      Debug   Library Member Name

        94          0          0          0          0          0   __dclz77c.o
         0          0          0          0          0          0   entry.o
         0          0          0          0          0          0   entry10a.o
         0          0          0          0          0          0   entry11a.o
         4          0          0          0          0          0   entry12b.o
         8          4          0          0          0          0   entry2.o
         4          0          0          0          0          0   entry5.o
         0          0          0          0          0          0   entry7b.o
         0          0          0          0          0          0   entry8b.o
         8          4          0          0          0          0   entry9a.o
        30          0          0          0          0          0   handlers.o
        36          8          0          0          0         68   init.o
        30          0          0          0          0         68   llshl.o
        32          0          0          0          0         68   llushr.o
        36          0          0          0          0         68   memcpya.o
        36          0          0          0          0        108   memseta.o
       884         10          0          0          0        420   printf6.o
        24          0          0          0          0         68   strcat.o
        20          0          0          0          0         68   strchr.o
        44          0          0          0          0         80   uidiv.o
        98          0          0          0          0         92   uldiv.o

    ----------------------------------------------------------------------
      1392         26          0          0          0       1108   Library Totals
         4          0          0          0          0          0   (incl. Padding)

    ----------------------------------------------------------------------

      Code (inc. data)   RO Data    RW Data    ZI Data      Debug   Library Name

      1388         26          0          0          0       1108   mc_w.l

    ----------------------------------------------------------------------
      1392         26          0          0          0       1108   Library Totals

    ----------------------------------------------------------------------

==============================================================================


      Code (inc. data)   RO Data    RW Data    ZI Data      Debug   

     57084       3112        972      91404      26344    1823853   Grand Totals
     57084       3112        972      12576      26344    1823853   ELF Image Totals (compressed)
     57084       3112        972      12576          0          0   ROM Totals

==============================================================================

    Total RO  Size (Code + RO Data)                58056 (  56.70kB)
    Total RW  Size (RW Data + ZI Data)            117748 ( 114.99kB)
    Total ROM Size (Code + RO Data + RW Data)      70632 (  68.98kB)

==============================================================================

